Component: ARM Compiler 5.06 update 7 (build 960) Tool: armlink [4d3601]

==============================================================================

Section Cross References

    startup_stm32f411xe.o(STACK) refers (Special) to heapauxi.o(.text) for __use_two_region_memory
    startup_stm32f411xe.o(HEAP) refers (Special) to heapauxi.o(.text) for __use_two_region_memory
    startup_stm32f411xe.o(RESET) refers (Special) to heapauxi.o(.text) for __use_two_region_memory
    startup_stm32f411xe.o(RESET) refers to startup_stm32f411xe.o(STACK) for __initial_sp
    startup_stm32f411xe.o(RESET) refers to startup_stm32f411xe.o(.text) for Reset_Handler
    startup_stm32f411xe.o(RESET) refers to stm32f4xx_it.o(i.NMI_Handler) for NMI_Handler
    startup_stm32f411xe.o(RESET) refers to stm32f4xx_it.o(i.HardFault_Handler) for HardFault_Handler
    startup_stm32f411xe.o(RESET) refers to stm32f4xx_it.o(i.MemManage_Handler) for MemManage_Handler
    startup_stm32f411xe.o(RESET) refers to stm32f4xx_it.o(i.BusFault_Handler) for BusFault_Handler
    startup_stm32f411xe.o(RESET) refers to stm32f4xx_it.o(i.UsageFault_Handler) for UsageFault_Handler
    startup_stm32f411xe.o(RESET) refers to port.o(.emb_text) for SVC_Handler
    startup_stm32f411xe.o(RESET) refers to stm32f4xx_it.o(i.DebugMon_Handler) for DebugMon_Handler
    startup_stm32f411xe.o(RESET) refers to cmsis_os2.o(i.SysTick_Handler) for SysTick_Handler
    startup_stm32f411xe.o(RESET) refers to stm32f4xx_it.o(i.TIM5_IRQHandler) for TIM5_IRQHandler
    startup_stm32f411xe.o(.text) refers (Special) to heapauxi.o(.text) for __use_two_region_memory
    startup_stm32f411xe.o(.text) refers to system_stm32f4xx.o(i.SystemInit) for SystemInit
    startup_stm32f411xe.o(.text) refers to __main.o(!!!main) for __main
    startup_stm32f411xe.o(.text) refers to startup_stm32f411xe.o(HEAP) for Heap_Mem
    startup_stm32f411xe.o(.text) refers to startup_stm32f411xe.o(STACK) for Stack_Mem
    main.o(i.HAL_TIM_PeriodElapsedCallback) refers to stm32f4xx_hal.o(i.HAL_IncTick) for HAL_IncTick
    main.o(i.SystemClock_Config) refers to rt_memclr_w.o(.text) for __aeabi_memclr4
    main.o(i.SystemClock_Config) refers to stm32f4xx_hal_rcc.o(i.HAL_RCC_OscConfig) for HAL_RCC_OscConfig
    main.o(i.SystemClock_Config) refers to stm32f4xx_hal_rcc.o(i.HAL_RCC_ClockConfig) for HAL_RCC_ClockConfig
    main.o(i.main) refers to stm32f4xx_hal.o(i.HAL_Init) for HAL_Init
    main.o(i.main) refers to main.o(i.SystemClock_Config) for SystemClock_Config
    main.o(i.main) refers to gpio.o(i.MX_GPIO_Init) for MX_GPIO_Init
    main.o(i.main) refers to i2c.o(i.MX_I2C1_Init) for MX_I2C1_Init
    main.o(i.main) refers to i2c.o(i.MX_I2C2_Init) for MX_I2C2_Init
    main.o(i.main) refers to spi.o(i.MX_SPI1_Init) for MX_SPI1_Init
    main.o(i.main) refers to spi.o(i.MX_SPI2_Init) for MX_SPI2_Init
    main.o(i.main) refers to tim.o(i.MX_TIM2_Init) for MX_TIM2_Init
    main.o(i.main) refers to usart.o(i.MX_USART1_UART_Init) for MX_USART1_UART_Init
    main.o(i.main) refers to usart.o(i.MX_USART2_UART_Init) for MX_USART2_UART_Init
    main.o(i.main) refers to strlen.o(.text) for strlen
    main.o(i.main) refers to stm32f4xx_hal_uart.o(i.HAL_UART_Transmit) for HAL_UART_Transmit
    main.o(i.main) refers to stm32f4xx_hal_tim.o(i.HAL_TIM_PWM_Start) for HAL_TIM_PWM_Start
    main.o(i.main) refers to stm32f4xx_hal_gpio.o(i.HAL_GPIO_WritePin) for HAL_GPIO_WritePin
    main.o(i.main) refers to stm32f4xx_hal.o(i.HAL_Delay) for HAL_Delay
    main.o(i.main) refers to lcd_st7789.o(i.ST7789_Init) for ST7789_Init
    main.o(i.main) refers to lcd_st7789.o(i.ST7789_Fill) for ST7789_Fill
    main.o(i.main) refers to cmsis_os2.o(i.osKernelInitialize) for osKernelInitialize
    main.o(i.main) refers to freertos.o(i.MX_FREERTOS_Init) for MX_FREERTOS_Init
    main.o(i.main) refers to cmsis_os2.o(i.osKernelStart) for osKernelStart
    main.o(i.main) refers to usart.o(.bss) for huart2
    main.o(i.main) refers to tim.o(.bss) for htim2
    gpio.o(i.MX_GPIO_Init) refers to rt_memclr_w.o(.text) for __aeabi_memclr4
    gpio.o(i.MX_GPIO_Init) refers to stm32f4xx_hal_gpio.o(i.HAL_GPIO_WritePin) for HAL_GPIO_WritePin
    gpio.o(i.MX_GPIO_Init) refers to stm32f4xx_hal_gpio.o(i.HAL_GPIO_Init) for HAL_GPIO_Init
    freertos.o(i.MX_FREERTOS_Init) refers to cmsis_os2.o(i.osThreadNew) for osThreadNew
    freertos.o(i.MX_FREERTOS_Init) refers to freertos.o(.constdata) for .constdata
    freertos.o(i.MX_FREERTOS_Init) refers to freertos.o(i.StartDefaultTask) for StartDefaultTask
    freertos.o(i.MX_FREERTOS_Init) refers to freertos.o(.data) for .data
    freertos.o(i.StartDefaultTask) refers to cmsis_os2.o(i.osDelay) for osDelay
    freertos.o(.constdata) refers to freertos.o(.conststring) for .conststring
    i2c.o(i.HAL_I2C_MspDeInit) refers to stm32f4xx_hal_gpio.o(i.HAL_GPIO_DeInit) for HAL_GPIO_DeInit
    i2c.o(i.HAL_I2C_MspInit) refers to rt_memclr_w.o(.text) for __aeabi_memclr4
[...]
    i.HAL_Init                               0x08000af4   Section        0  stm32f4xx_hal.o(i.HAL_Init)
    i.HAL_InitTick                           0x08000b28   Section        0  stm32f4xx_hal_timebase_tim.o(i.HAL_InitTick)
    i.HAL_MspInit                            0x08000bc0   Section        0  stm32f4xx_hal_msp.o(i.HAL_MspInit)
    i.HAL_NVIC_EnableIRQ                     0x08000bf8   Section        0  stm32f4xx_hal_cortex.o(i.HAL_NVIC_EnableIRQ)
    i.HAL_NVIC_SetPriority                   0x08000c14   Section        0  stm32f4xx_hal_cortex.o(i.HAL_NVIC_SetPriority)
    i.HAL_NVIC_SetPriorityGrouping           0x08000c54   Section        0  stm32f4xx_hal_cortex.o(i.HAL_NVIC_SetPriorityGrouping)
    i.HAL_RCC_ClockConfig                    0x08000c78   Section        0  stm32f4xx_hal_rcc.o(i.HAL_RCC_ClockConfig)
    i.HAL_RCC_GetClockConfig                 0x08000dac   Section        0  stm32f4xx_hal_rcc.o(i.HAL_RCC_GetClockConfig)
    i.HAL_RCC_GetPCLK1Freq                   0x08000dec   Section        0  stm32f4xx_hal_rcc.o(i.HAL_RCC_GetPCLK1Freq)
    i.HAL_RCC_GetPCLK2Freq                   0x08000e0c   Section        0  stm32f4xx_hal_rcc.o(i.HAL_RCC_GetPCLK2Freq)
    i.HAL_RCC_GetSysClockFreq                0x08000e2c   Section        0  stm32f4xx_hal_rcc.o(i.HAL_RCC_GetSysClockFreq)
    i.HAL_RCC_OscConfig                      0x08000e90   Section        0  stm32f4xx_hal_rcc.o(i.HAL_RCC_OscConfig)
    i.HAL_SPI_Init                           0x080011fc   Section        0  stm32f4xx_hal_spi.o(i.HAL_SPI_Init)
    i.HAL_SPI_MspInit                        0x080012b8   Section        0  spi.o(i.HAL_SPI_MspInit)
    i.HAL_SPI_Transmit                       0x08001368   Section        0  stm32f4xx_hal_spi.o(i.HAL_SPI_Transmit)
    i.HAL_TIMEx_BreakCallback                0x080014ce   Section        0  stm32f4xx_hal_tim_ex.o(i.HAL_TIMEx_BreakCallback)
    i.HAL_TIMEx_CommutCallback               0x080014d0   Section        0  stm32f4xx_hal_tim_ex.o(i.HAL_TIMEx_CommutCallback)
    i.HAL_TIMEx_MasterConfigSynchronization  0x080014d4   Section        0  stm32f4xx_hal_tim_ex.o(i.HAL_TIMEx_MasterConfigSynchronization)
    i.HAL_TIM_Base_Init                      0x08001550   Section        0  stm32f4xx_hal_tim.o(i.HAL_TIM_Base_Init)
    i.HAL_TIM_Base_MspInit                   0x080015ac   Section        0  tim.o(i.HAL_TIM_Base_MspInit)
    i.HAL_TIM_Base_Start_IT                  0x080015d0   Section        0  stm32f4xx_hal_tim.o(i.HAL_TIM_Base_Start_IT)
    i.HAL_TIM_ConfigClockSource              0x0800163c   Section        0  stm32f4xx_hal_tim.o(i.HAL_TIM_ConfigClockSource)
    i.HAL_TIM_IC_CaptureCallback             0x08001718   Section        0  stm32f4xx_hal_tim.o(i.HAL_TIM_IC_CaptureCallback)
    i.HAL_TIM_IRQHandler                     0x0800171a   Section        0  stm32f4xx_hal_tim.o(i.HAL_TIM_IRQHandler)
    i.HAL_TIM_MspPostInit                    0x0800184c   Section        0  tim.o(i.HAL_TIM_MspPostInit)
    i.HAL_TIM_OC_DelayElapsedCallback        0x08001898   Section        0  stm32f4xx_hal_tim.o(i.HAL_TIM_OC_DelayElapsedCallback)
    i.HAL_TIM_PWM_ConfigChannel              0x0800189a   Section        0  stm32f4xx_hal_tim.o(i.HAL_TIM_PWM_ConfigChannel)
    i.HAL_TIM_PWM_Init                       0x08001966   Section        0  stm32f4xx_hal_tim.o(i.HAL_TIM_PWM_Init)
    i.HAL_TIM_PWM_MspInit                    0x080019c0   Section        0  stm32f4xx_hal_tim.o(i.HAL_TIM_PWM_MspInit)
    i.HAL_TIM_PWM_PulseFinishedCallback      0x080019c2   Section        0  stm32f4xx_hal_tim.o(i.HAL_TIM_PWM_PulseFinishedCallback)
    i.HAL_TIM_PWM_Start                      0x080019c4   Section        0  stm32f4xx_hal_tim.o(i.HAL_TIM_PWM_Start)
    i.HAL_TIM_PeriodElapsedCallback          0x08001a74   Section        0  main.o(i.HAL_TIM_PeriodElapsedCallback)
    i.HAL_TIM_TriggerCallback                0x08001a88   Section        0  stm32f4xx_hal_tim.o(i.HAL_TIM_TriggerCallback)
    i.HAL_UART_Init                          0x08001a8a   Section        0  stm32f4xx_hal_uart.o(i.HAL_UART_Init)
    i.HAL_UART_MspInit                       0x08001af0   Section        0  usart.o(i.HAL_UART_MspInit)
    i.HAL_UART_Transmit                      0x08001b8c   Section        0  stm32f4xx_hal_uart.o(i.HAL_UART_Transmit)
    i.HardFault_Handler                      0x08001c2c   Section        0  stm32f4xx_it.o(i.HardFault_Handler)
    i.MX_FREERTOS_Init                       0x08001c30   Section        0  freertos.o(i.MX_FREERTOS_Init)
    i.MX_GPIO_Init                           0x08001c50   Section        0  gpio.o(i.MX_GPIO_Init)
    i.MX_I2C1_Init                           0x08001d54   Section        0  i2c.o(i.MX_I2C1_Init)
    i.MX_I2C2_Init                           0x08001d94   Section        0  i2c.o(i.MX_I2C2_Init)
    i.MX_SPI1_Init                           0x08001dd4   Section        0  spi.o(i.MX_SPI1_Init)
    i.MX_SPI2_Init                           0x08001e1c   Section        0  spi.o(i.MX_SPI2_Init)
    i.MX_TIM2_Init                           0x08001e64   Section        0  tim.o(i.MX_TIM2_Init)
    i.MX_USART1_UART_Init                    0x08001efc   Section        0  usart.o(i.MX_USART1_UART_Init)
    i.MX_USART2_UART_Init                    0x08001f34   Section        0  usart.o(i.MX_USART2_UART_Init)
    i.MemManage_Handler                      0x08001f6c   Section        0  stm32f4xx_it.o(i.MemManage_Handler)
    i.NMI_Handler                            0x08001f6e   Section        0  stm32f4xx_it.o(i.NMI_Handler)
    i.SPI_EndRxTxTransaction                 0x08001f70   Section        0  stm32f4xx_hal_spi.o(i.SPI_EndRxTxTransaction)
    SPI_EndRxTxTransaction                   0x08001f71   Thumb Code    98  stm32f4xx_hal_spi.o(i.SPI_EndRxTxTransaction)
    i.SPI_WaitFlagStateUntilTimeout          0x08001fdc   Section        0  stm32f4xx_hal_spi.o(i.SPI_WaitFlagStateUntilTimeout)
    SPI_WaitFlagStateUntilTimeout            0x08001fdd   Thumb Code   182  stm32f4xx_hal_spi.o(i.SPI_WaitFlagStateUntilTimeout)
    i.ST7789_Fill                            0x08002098   Section        0  lcd_st7789.o(i.ST7789_Fill)
    i.ST7789_Init                            0x08002134   Section        0  lcd_st7789.o(i.ST7789_Init)
    i.ST7789_SendCmd                         0x0800228c   Section        0  lcd_st7789.o(i.ST7789_SendCmd)
    i.StartDefaultTask                       0x080022e4   Section        0  freertos.o(i.StartDefaultTask)
    i.SysTick_Handler                        0x080022ec   Section        0  cmsis_os2.o(i.SysTick_Handler)
    i.SystemClock_Config                     0x08002308   Section        0  main.o(i.SystemClock_Config)
    i.SystemInit                             0x08002398   Section        0  system_stm32f4xx.o(i.SystemInit)
    i.TIM5_IRQHandler                        0x080023a8   Section        0  stm32f4xx_it.o(i.TIM5_IRQHandler)
    i.TIM_Base_SetConfig                     0x080023b4   Section        0  stm32f4xx_hal_tim.o(i.TIM_Base_SetConfig)
    i.TIM_CCxChannelCmd                      0x08002454   Section        0  stm32f4xx_hal_tim.o(i.TIM_CCxChannelCmd)
    i.TIM_ETR_SetConfig                      0x0800246e   Section        0  stm32f4xx_hal_tim.o(i.TIM_ETR_SetConfig)
    i.TIM_ITRx_SetConfig                     0x08002482   Section        0  stm32f4xx_hal_tim.o(i.TIM_ITRx_SetConfig)
    TIM_ITRx_SetConfig                       0x08002483   Thumb Code    16  stm32f4xx_hal_tim.o(i.TIM_ITRx_SetConfig)
    i.TIM_OC1_SetConfig                      0x08002494   Section        0  stm32f4xx_hal_tim.o(i.TIM_OC1_SetConfig)
    TIM_OC1_SetConfig                        0x08002495   Thumb Code    74  stm32f4xx_hal_tim.o(i.TIM_OC1_SetConfig)
    i.TIM_OC2_SetConfig                      0x080024e4   Section        0  stm32f4xx_hal_tim.o(i.TIM_OC2_SetConfig)
    i.TIM_OC3_SetConfig                      0x0800253c   Section        0  stm32f4xx_hal_tim.o(i.TIM_OC3_SetConfig)
    TIM_OC3_SetConfig                        0x0800253d   Thumb Code    82  stm32f4xx_hal_tim.o(i.TIM_OC3_SetConfig)
    i.TIM_OC4_SetConfig                      0x08002594   Section        0  stm32f4xx_hal_tim.o(i.TIM_OC4_SetConfig)
    TIM_OC4_SetConfig                        0x08002595   Thumb Code    64  stm32f4xx_hal_tim.o(i.TIM_OC4_SetConfig)
    i.TIM_TI1_ConfigInputStage               0x080025d8   Section        0  stm32f4xx_hal_tim.o(i.TIM_TI1_ConfigInputStage)
    TIM_TI1_ConfigInputStage                 0x080025d9   Thumb Code    34  stm32f4xx_hal_tim.o(i.TIM_TI1_ConfigInputStage)
    i.TIM_TI2_ConfigInputStage               0x080025fa   Section        0  stm32f4xx_hal_tim.o(i.TIM_TI2_ConfigInputStage)
    TIM_TI2_ConfigInputStage                 0x080025fb   Thumb Code    36  stm32f4xx_hal_tim.o(i.TIM_TI2_ConfigInputStage)
    i.UART_EndRxTransfer                     0x0800261e   Section        0  stm32f4xx_hal_uart.o(i.UART_EndRxTransfer)
    UART_EndRxTransfer                       0x0800261f   Thumb Code    78  stm32f4xx_hal_uart.o(i.UART_EndRxTransfer)
    i.UART_SetConfig                         0x0800266c   Section        0  stm32f4xx_hal_uart.o(i.UART_SetConfig)
    UART_SetConfig                           0x0800266d   Thumb Code   258  stm32f4xx_hal_uart.o(i.UART_SetConfig)
    i.UART_WaitOnFlagUntilTimeout            0x08002778   Section        0  stm32f4xx_hal_uart.o(i.UART_WaitOnFlagUntilTimeout)
    UART_WaitOnFlagUntilTimeout              0x08002779   Thumb Code   114  stm32f4xx_hal_uart.o(i.UART_WaitOnFlagUntilTimeout)
    i.UsageFault_Handler                     0x080027ea   Section        0  stm32f4xx_it.o(i.UsageFault_Handler)
    i.__NVIC_SetPriority                     0x080027ec   Section        0  stm32f4xx_hal_cortex.o(i.__NVIC_SetPriority)
    __NVIC_SetPriority                       0x080027ed   Thumb Code    32  stm32f4xx_hal_cortex.o(i.__NVIC_SetPriority)
    i.main                                   0x0800280c   Section        0  main.o(i.main)
    i.osDelay                                0x080028f8   Section        0  cmsis_os2.o(i.osDelay)
    i.osKernelInitialize                     0x08002914   Section        0  cmsis_os2.o(i.osKernelInitialize)
    i.osKernelStart                          0x08002938   Section        0  cmsis_os2.o(i.osKernelStart)
    i.osThreadNew                            0x08002970   Section        0  cmsis_os2.o(i.osThreadNew)
    i.prvAddCurrentTaskToDelayedList         0x080029fc   Section        0  tasks.o(i.prvAddCurrentTaskToDelayedList)
    prvAddCurrentTaskToDelayedList           0x080029fd   Thumb Code    84  tasks.o(i.prvAddCurrentTaskToDelayedList)
    i.prvAddNewTaskToReadyList               0x08002a58   Section        0  tasks.o(i.prvAddNewTaskToReadyList)
    prvAddNewTaskToReadyList                 0x08002a59   Thumb Code   190  tasks.o(i.prvAddNewTaskToReadyList)
    i.prvCheckForValidListAndQueue           0x08002b28   Section        0  timers.o(i.prvCheckForValidListAndQueue)
    prvCheckForValidListAndQueue             0x08002b29   Thumb Code    72  timers.o(i.prvCheckForValidListAndQueue)
    i.prvCopyDataFromQueue                   0x08002b80   Section        0  queue.o(i.prvCopyDataFromQueue)
    prvCopyDataFromQueue                     0x08002b81   Thumb Code    38  queue.o(i.prvCopyDataFromQueue)
    i.prvCopyDataToQueue                     0x08002ba6   Section        0  queue.o(i.prvCopyDataToQueue)
    prvCopyDataToQueue                       0x08002ba7   Thumb Code   108  queue.o(i.prvCopyDataToQueue)
    i.prvDeleteTCB                           0x08002c12   Section        0  tasks.o(i.prvDeleteTCB)
    prvDeleteTCB                             0x08002c13   Thumb Code    52  tasks.o(i.prvDeleteTCB)
    i.prvHeapInit                            0x08002c48   Section        0  heap_4.o(i.prvHeapInit)
    prvHeapInit                              0x08002c49   Thumb Code    66  heap_4.o(i.prvHeapInit)
    i.prvIdleTask                            0x08002c94   Section        0  tasks.o(i.prvIdleTask)
    prvIdleTask                              0x08002c95   Thumb Code    82  tasks.o(i.prvIdleTask)
    i.prvInitialiseNewQueue                  0x08002cf4   Section        0  queue.o(i.prvInitialiseNewQueue)
    prvInitialiseNewQueue                    0x08002cf5   Thumb Code    34  queue.o(i.prvInitialiseNewQueue)
    i.prvInitialiseNewTask                   0x08002d18   Section        0  tasks.o(i.prvInitialiseNewTask)
    prvInitialiseNewTask                     0x08002d19   Thumb Code   176  tasks.o(i.prvInitialiseNewTask)
    i.prvInsertBlockIntoFreeList             0x08002dc8   Section        0  heap_4.o(i.prvInsertBlockIntoFreeList)
    prvInsertBlockIntoFreeList               0x08002dc9   Thumb Code    72  heap_4.o(i.prvInsertBlockIntoFreeList)
    i.prvInsertTimerInActiveList             0x08002e14   Section        0  timers.o(i.prvInsertTimerInActiveList)
    prvInsertTimerInActiveList               0x08002e15   Thumb Code    52  timers.o(i.prvInsertTimerInActiveList)
    i.prvIsQueueEmpty                        0x08002e4c   Section        0  queue.o(i.prvIsQueueEmpty)
    prvIsQueueEmpty                          0x08002e4d   Thumb Code    28  queue.o(i.prvIsQueueEmpty)
    i.prvProcessReceivedCommands             0x08002e68   Section        0  timers.o(i.prvProcessReceivedCommands)
    prvProcessReceivedCommands               0x08002e69   Thumb Code   248  timers.o(i.prvProcessReceivedCommands)
    i.prvProcessTimerOrBlockTask             0x08002f64   Section        0  timers.o(i.prvProcessTimerOrBlockTask)
    prvProcessTimerOrBlockTask               0x08002f65   Thumb Code   182  timers.o(i.prvProcessTimerOrBlockTask)
    i.prvResetNextTaskUnblockTime            0x08003024   Section        0  tasks.o(i.prvResetNextTaskUnblockTime)
    prvResetNextTaskUnblockTime              0x08003025   Thumb Code    26  tasks.o(i.prvResetNextTaskUnblockTime)
    i.prvSampleTimeNow                       0x08003044   Section        0  timers.o(i.prvSampleTimeNow)
    prvSampleTimeNow                         0x08003045   Thumb Code    36  timers.o(i.prvSampleTimeNow)
    i.prvSwitchTimerLists                    0x0800306c   Section        0  timers.o(i.prvSwitchTimerLists)
    prvSwitchTimerLists                      0x0800306d   Thumb Code   104  timers.o(i.prvSwitchTimerLists)
    i.prvTaskExitError                       0x080030d8   Section        0  port.o(i.prvTaskExitError)
    prvTaskExitError                         0x080030d9   Thumb Code    36  port.o(i.prvTaskExitError)
    i.prvTimerTask                           0x08003100   Section        0  timers.o(i.prvTimerTask)
    prvTimerTask                             0x08003101   Thumb Code    32  timers.o(i.prvTimerTask)
    i.prvUnlockQueue                         0x08003124   Section        0  queue.o(i.prvUnlockQueue)
    prvUnlockQueue                           0x08003125   Thumb Code   106  queue.o(i.prvUnlockQueue)
    i.pvPortMalloc                           0x08003190   Section        0  heap_4.o(i.pvPortMalloc)
    i.pxPortInitialiseStack                  0x0800326c   Section        0  port.o(i.pxPortInitialiseStack)
    i.uxListRemove                           0x08003298   Section        0  list.o(i.uxListRemove)
    i.vApplicationGetIdleTaskMemory          0x080032c0   Section        0  cmsis_os2.o(i.vApplicationGetIdleTaskMemory)
    i.vApplicationGetTimerTaskMemory         0x080032d4   Section        0  cmsis_os2.o(i.vApplicationGetTimerTaskMemory)
    i.vListInitialise                        0x080032ec   Section        0  list.o(i.vListInitialise)
    i.vListInitialiseItem                    0x08003302   Section        0  list.o(i.vListInitialiseItem)
    i.vListInsert                            0x08003308   Section        0  list.o(i.vListInsert)
    i.vListInsertEnd                         0x08003338   Section        0  list.o(i.vListInsertEnd)
    i.vPortEnterCritical                     0x08003350   Section        0  port.o(i.vPortEnterCritical)
    i.vPortExitCritical                      0x08003390   Section        0  port.o(i.vPortExitCritical)
    i.vPortFree                              0x080033b8   Section        0  heap_4.o(i.vPortFree)
    i.vPortSetupTimerInterrupt               0x0800341c   Section        0  port.o(i.vPortSetupTimerInterrupt)
    i.vPortValidateInterruptPriority         0x08003440   Section        0  port.o(i.vPortValidateInterruptPriority)
    i.vQueueAddToRegistry                    0x08003494   Section        0  queue.o(i.vQueueAddToRegistry)
    i.vQueueWaitForMessageRestricted         0x080034bc   Section        0  queue.o(i.vQueueWaitForMessageRestricted)
    i.vTaskDelay                             0x08003500   Section        0  tasks.o(i.vTaskDelay)
    i.vTaskInternalSetTimeOutState           0x0800354c   Section        0  tasks.o(i.vTaskInternalSetTimeOutState)
    i.vTaskMissedYield                       0x0800355c   Section        0  tasks.o(i.vTaskMissedYield)
    i.vTaskPlaceOnEventList                  0x08003568   Section        0  tasks.o(i.vTaskPlaceOnEventList)
    i.vTaskPlaceOnEventListRestricted        0x08003598   Section        0  tasks.o(i.vTaskPlaceOnEventListRestricted)
    i.vTaskStartScheduler                    0x080035d0   Section        0  tasks.o(i.vTaskStartScheduler)
    i.vTaskSuspendAll                        0x08003658   Section        0  tasks.o(i.vTaskSuspendAll)
    i.vTaskSwitchContext                     0x08003668   Section        0  tasks.o(i.vTaskSwitchContext)
    i.xPortStartScheduler                    0x080036cc   Section        0  port.o(i.xPortStartScheduler)
    i.xPortSysTickHandler                    0x080037c0   Section        0  port.o(i.xPortSysTickHandler)
    i.xQueueGenericCreateStatic              0x080037ec   Section        0  queue.o(i.xQueueGenericCreateStatic)
    i.xQueueGenericReset                     0x08003854   Section        0  queue.o(i.xQueueGenericReset)
    i.xQueueGenericSend                      0x080038dc   Section        0  queue.o(i.xQueueGenericSend)
    i.xQueueGenericSendFromISR               0x08003a3c   Section        0  queue.o(i.xQueueGenericSendFromISR)
    i.xQueueReceive                          0x08003afc   Section        0  queue.o(i.xQueueReceive)
    i.xTaskCheckForTimeOut                   0x08003c34   Section        0  tasks.o(i.xTaskCheckForTimeOut)
    i.xTaskCreate                            0x08003ca8   Section        0  tasks.o(i.xTaskCreate)
    i.xTaskCreateStatic                      0x08003d02   Section        0  tasks.o(i.xTaskCreateStatic)
    i.xTaskGetSchedulerState                 0x08003d58   Section        0  tasks.o(i.xTaskGetSchedulerState)
    i.xTaskGetTickCount                      0x08003d74   Section        0  tasks.o(i.xTaskGetTickCount)
    i.xTaskIncrementTick                     0x08003d80   Section        0  tasks.o(i.xTaskIncrementTick)
    i.xTaskPriorityDisinherit                0x08003e48   Section        0  tasks.o(i.xTaskPriorityDisinherit)
    i.xTaskRemoveFromEventList               0x08003ec8   Section        0  tasks.o(i.xTaskRemoveFromEventList)
    i.xTaskResumeAll                         0x08003f38   Section        0  tasks.o(i.xTaskResumeAll)
    i.xTimerCreateTimerTask                  0x08003ffc   Section        0  timers.o(i.xTimerCreateTimerTask)
    i.xTimerGenericCommand                   0x0800405c   Section        0  timers.o(i.xTimerGenericCommand)
    x$fpl$fpinit                             0x080040c4   Section       10  fpinit.o(x$fpl$fpinit)
    $v0                                      0x080040c4   Number         0  fpinit.o(x$fpl$fpinit)
    .constdata                               0x080040d0   Section       36  freertos.o(.constdata)
    .constdata                               0x080040f4   Section       16  system_stm32f4xx.o(.constdata)
    .constdata                               0x08004104   Section        8  system_stm32f4xx.o(.constdata)
    .conststring                             0x0800410c   Section       12  freertos.o(.conststring)
    .data                                    0x20000000   Section        4  freertos.o(.data)
    .data                                    0x20000004   Section       12  stm32f4xx_hal.o(.data)
    .data                                    0x20000010   Section        4  system_stm32f4xx.o(.data)
    .data                                    0x20000014   Section       60  tasks.o(.data)
    uxDeletedTasksWaitingCleanUp             0x20000018   Data           4  tasks.o(.data)
    uxCurrentNumberOfTasks                   0x2000001c   Data           4  tasks.o(.data)
    xTickCount                               0x20000020   Data           4  tasks.o(.data)
    uxTopReadyPriority                       0x20000024   Data           4  tasks.o(.data)
    xSchedulerRunning                        0x20000028   Data           4  tasks.o(.data)
    xPendedTicks                             0x2000002c   Data           4  tasks.o(.data)
    xYieldPending                            0x20000030   Data           4  tasks.o(.data)
    xNumOfOverflows                          0x20000034   Data           4  tasks.o(.data)
    uxTaskNumber                             0x20000038   Data           4  tasks.o(.data)
    xNextTaskUnblockTime                     0x2000003c   Data           4  tasks.o(.data)
    xIdleTaskHandle                          0x20000040   Data           4  tasks.o(.data)
    uxSchedulerSuspended                     0x20000044   Data           4  tasks.o(.data)
    pxDelayedTaskList                        0x20000048   Data           4  tasks.o(.data)
    pxOverflowDelayedTaskList                0x2000004c   Data           4  tasks.o(.data)
    .data                                    0x20000050   Section       20  timers.o(.data)
    xTimerQueue                              0x20000050   Data           4  timers.o(.data)
    xTimerTaskHandle                         0x20000054   Data           4  timers.o(.data)
    xLastTime                                0x20000058   Data           4  timers.o(.data)
    pxCurrentTimerList                       0x2000005c   Data           4  timers.o(.data)
    pxOverflowTimerList                      0x20000060   Data           4  timers.o(.data)
    .data                                    0x20000064   Section        4  cmsis_os2.o(.data)
    KernelState                              0x20000064   Data           4  cmsis_os2.o(.data)
    .data                                    0x20000068   Section       32  heap_4.o(.data)
    pxEnd                                    0x20000068   Data           4  heap_4.o(.data)
    xFreeBytesRemaining                      0x2000006c   Data           4  heap_4.o(.data)
    xMinimumEverFreeBytesRemaining           0x20000070   Data           4  heap_4.o(.data)
    xNumberOfSuccessfulAllocations           0x20000074   Data           4  heap_4.o(.data)
    xNumberOfSuccessfulFrees                 0x20000078   Data           4  heap_4.o(.data)
    xBlockAllocatedBit                       0x2000007c   Data           4  heap_4.o(.data)
    xStart                                   0x20000080   Data           8  heap_4.o(.data)
    .data                                    0x20000088   Section       12  port.o(.data)
    ucMaxSysCallPriority                     0x20000088   Data           1  port.o(.data)
    uxCriticalNesting                        0x2000008c   Data           4  port.o(.data)
    ulMaxPRIGROUPValue                       0x20000090   Data           4  port.o(.data)
    .bss                                     0x20000094   Section      168  i2c.o(.bss)
    .bss                                     0x2000013c   Section      176  spi.o(.bss)
    .bss                                     0x200001ec   Section       72  tim.o(.bss)
    .bss                                     0x20000234   Section      144  usart.o(.bss)
    .bss                                     0x200002c4   Section       72  stm32f4xx_hal_timebase_tim.o(.bss)
    .bss                                     0x2000030c   Section       64  queue.o(.bss)
    .bss                                     0x2000034c   Section     1220  tasks.o(.bss)
    pxReadyTasksLists                        0x2000034c   Data        1120  tasks.o(.bss)
    xDelayedTaskList1                        0x200007ac   Data          20  tasks.o(.bss)
    xDelayedTaskList2                        0x200007c0   Data          20  tasks.o(.bss)
    xPendingReadyList                        0x200007d4   Data          20  tasks.o(.bss)
    xTasksWaitingTermination                 0x200007e8   Data          20  tasks.o(.bss)
    xSuspendedTaskList                       0x200007fc   Data          20  tasks.o(.bss)
    .bss                                     0x20000810   Section      280  timers.o(.bss)
    xStaticTimerQueue                        0x20000810   Data          80  timers.o(.bss)
    ucStaticTimerQueueStorage                0x20000860   Data         160  timers.o(.bss)
    xActiveTimerList1                        0x20000900   Data          20  timers.o(.bss)
    xActiveTimerList2                        0x20000914   Data          20  timers.o(.bss)
    .bss                                     0x20000928   Section     1720  cmsis_os2.o(.bss)
    Idle_TCB                                 0x20000928   Data          92  cmsis_os2.o(.bss)
    Idle_Stack                               0x20000984   Data         512  cmsis_os2.o(.bss)
    Timer_TCB                                0x20000b84   Data          92  cmsis_os2.o(.bss)
    Timer_Stack                              0x20000be0   Data        1024  cmsis_os2.o(.bss)
    .bss                                     0x20000fe0   Section    15360  heap_4.o(.bss)
    ucHeap                                   0x20000fe0   Data       15360  heap_4.o(.bss)
    .bss                                     0x20004be0   Section       96  libspace.o(.bss)
    HEAP                                     0x20004c40   Section      512  startup_stm32f411xe.o(HEAP)
    Heap_Mem                                 0x20004c40   Data         512  startup_stm32f411xe.o(HEAP)
    STACK                                    0x20004e40   Section     1024  startup_stm32f411xe.o(STACK)
    Stack_Mem                                0x20004e40   Data        1024  startup_stm32f411xe.o(STACK)
    __initial_sp                             0x20005240   Data           0  startup_stm32f411xe.o(STACK)

    Global Symbols

    Symbol Name                              Value     Ov Type        Size  Object(Section)

    BuildAttributes$$THM_ISAv4$E$P$D$K$B$S$7EM$VFPi3$EXTD16$VFPS$VFMA$PE$A:L22UL41UL21$X:L11$S22US41US21$IEEE1$IW$USESV6$~STKCKD$USESV7$~SHL$OSPACE$ROPI$EBA8$UX$STANDARDLIB$REQ8$PRES8$EABIv2 0x00000000   Number         0  anon$$obj.o ABSOLUTE
    __ARM_use_no_argv                        0x00000000   Number         0  main.o ABSOLUTE
    __ARM_exceptions_init                     - Undefined Weak Reference
    __alloca_initialize                       - Undefined Weak Reference
    __arm_fini_                               - Undefined Weak Reference
    __arm_preinit_                            - Undefined Weak Reference
    __cpp_initialize__aeabi_                  - Undefined Weak Reference
    __cxa_finalize                            - Undefined Weak Reference
    __rt_locale                               - Undefined Weak Reference
    __sigvec_lookup                           - Undefined Weak Reference
    _atexit_init                              - Undefined Weak Reference
    _call_atexit_fns                          - Undefined Weak Reference
    _clock_init                               - Undefined Weak Reference
    _fp_trap_init                             - Undefined Weak Reference
    _fp_trap_shutdown                         - Undefined Weak Reference
    _get_lc_collate                           - Undefined Weak Reference
    _get_lc_ctype                             - Undefined Weak Reference
    _get_lc_monetary                          - Undefined Weak Reference
    _get_lc_numeric                           - Undefined Weak Reference
    _get_lc_time                              - Undefined Weak Reference
    _getenv_init                              - Undefined Weak Reference
    _handle_redirection                       - Undefined Weak Reference
    _init_alloc                               - Undefined Weak Reference
    _init_user_alloc                          - Undefined Weak Reference
    _initio                                   - Undefined Weak Reference
    _rand_init                                - Undefined Weak Reference
    _signal_finish                            - Undefined Weak Reference
    _signal_init                              - Undefined Weak Reference
    _terminate_alloc                          - Undefined Weak Reference
    _terminate_user_alloc                     - Undefined Weak Reference
    _terminateio                              - Undefined Weak Reference
    __Vectors_Size                           0x00000198   Number         0  startup_stm32f411xe.o ABSOLUTE
    __Vectors                                0x08000000   Data           4  startup_stm32f411xe.o(RESET)
    __Vectors_End                            0x08000198   Data           0  startup_stm32f411xe.o(RESET)
    __main                                   0x08000199   Thumb Code     8  __main.o(!!!main)
    __scatterload                            0x080001a1   Thumb Code     0  __scatter.o(!!!scatter)
    __scatterload_rt2                        0x080001a1   Thumb Code    44  __scatter.o(!!!scatter)
    __scatterload_rt2_thumb_only             0x080001a1   Thumb Code     0  __scatter.o(!!!scatter)
    __scatterload_null                       0x080001af   Thumb Code     0  __scatter.o(!!!scatter)
    __scatterload_copy                       0x080001d5   Thumb Code    26  __scatter_copy.o(!!handler_copy)
    __scatterload_zeroinit                   0x080001f1   Thumb Code    28  __scatter_zi.o(!!handler_zi)
    __rt_lib_init                            0x0800020d   Thumb Code     0  libinit.o(.ARM.Collect$$libinit$$00000000)
    __rt_lib_init_fp_1                       0x0800020f   Thumb Code     0  libinit2.o(.ARM.Collect$$libinit$$00000001)
    __rt_lib_init_alloca_1                   0x08000213   Thumb Code     0  libinit2.o(.ARM.Collect$$libinit$$0000002E)
    __rt_lib_init_argv_1                     0x08000213   Thumb Code     0  libinit2.o(.ARM.Collect$$libinit$$0000002C)
    __rt_lib_init_atexit_1                   0x08000213   Thumb Code     0  libinit2.o(.ARM.Collect$$libinit$$0000001B)
    __rt_lib_init_clock_1                    0x08000213   Thumb Code     0  libinit2.o(.ARM.Collect$$libinit$$00000021)
    __rt_lib_init_cpp_1                      0x08000213   Thumb Code     0  libinit2.o(.ARM.Collect$$libinit$$00000032)
    __rt_lib_init_exceptions_1               0x08000213   Thumb Code     0  libinit2.o(.ARM.Collect$$libinit$$00000030)
    __rt_lib_init_fp_trap_1                  0x08000213   Thumb Code     0  libinit2.o(.ARM.Collect$$libinit$$0000001F)
    __rt_lib_init_getenv_1                   0x08000213   Thumb Code     0  libinit2.o(.ARM.Collect$$libinit$$00000023)
    __rt_lib_init_heap_1                     0x08000213   Thumb Code     0  libinit2.o(.ARM.Collect$$libinit$$0000000A)
    __rt_lib_init_lc_collate_1               0x08000213   Thumb Code     0  libinit2.o(.ARM.Collect$$libinit$$00000011)
    __rt_lib_init_lc_ctype_1                 0x08000213   Thumb Code     0  libinit2.o(.ARM.Collect$$libinit$$00000013)
    __rt_lib_init_lc_monetary_1              0x08000213   Thumb Code     0  libinit2.o(.ARM.Collect$$libinit$$00000015)
    __rt_lib_init_lc_numeric_1               0x08000213   Thumb Code     0  libinit2.o(.ARM.Collect$$libinit$$00000017)
    __rt_lib_init_lc_time_1                  0x08000213   Thumb Code     0  libinit2.o(.ARM.Collect$$libinit$$00000019)
    __rt_lib_init_preinit_1                  0x08000213   Thumb Code     0  libinit2.o(.ARM.Collect$$libinit$$00000004)
    __rt_lib_init_rand_1                     0x08000213   Thumb Code     0  libinit2.o(.ARM.Collect$$libinit$$0000000E)
    __rt_lib_init_return                     0x08000213   Thumb Code     0  libinit2.o(.ARM.Collect$$libinit$$00000033)
    __rt_lib_init_signal_1                   0x08000213   Thumb Code     0  libinit2.o(.ARM.Collect$$libinit$$0000001D)
    __rt_lib_init_stdio_1                    0x08000213   Thumb Code     0  libinit2.o(.ARM.Collect$$libinit$$00000025)
    __rt_lib_init_user_alloc_1               0x08000213   Thumb Code     0  libinit2.o(.ARM.Collect$$libinit$$0000000C)
    __rt_lib_shutdown                        0x08000215   Thumb Code     0  libshutdown.o(.ARM.Collect$$libshutdown$$00000000)
    __rt_lib_shutdown_cpp_1                  0x08000217   Thumb Code     0  libshutdown2.o(.ARM.Collect$$libshutdown$$00000004)
    __rt_lib_shutdown_fini_1                 0x08000217   Thumb Code     0  libshutdown2.o(.ARM.Collect$$libshutdown$$00000002)
    __rt_lib_shutdown_fp_trap_1              0x08000217   Thumb Code     0  libshutdown2.o(.ARM.Collect$$libshutdown$$00000009)
    __rt_lib_shutdown_heap_1                 0x08000217   Thumb Code     0  libshutdown2.o(.ARM.Collect$$libshutdown$$00000011)
    __rt_lib_shutdown_return                 0x08000217   Thumb Code     0  libshutdown2.o(.ARM.Collect$$libshutdown$$00000012)
    __rt_lib_shutdown_signal_1               0x08000217   Thumb Code     0  libshutdown2.o(.ARM.Collect$$libshutdown$$0000000C)
    __rt_lib_shutdown_stdio_1                0x08000217   Thumb Code     0  libshutdown2.o(.ARM.Collect$$libshutdown$$00000006)
    __rt_lib_shutdown_user_alloc_1           0x08000217   Thumb Code     0  libshutdown2.o(.ARM.Collect$$libshutdown$$0000000E)
    __rt_entry                               0x08000219   Thumb Code     0  __rtentry.o(.ARM.Collect$$rtentry$$00000000)
    __rt_entry_presh_1                       0x08000219   Thumb Code     0  __rtentry2.o(.ARM.Collect$$rtentry$$00000002)
    __rt_entry_sh                            0x08000219   Thumb Code     0  __rtentry4.o(.ARM.Collect$$rtentry$$00000004)
    __rt_entry_li                            0x0800021f   Thumb Code     0  __rtentry2.o(.ARM.Collect$$rtentry$$0000000A)
    __rt_entry_postsh_1                      0x0800021f   Thumb Code     0  __rtentry2.o(.ARM.Collect$$rtentry$$00000009)
    __rt_entry_main                          0x08000223   Thumb Code     0  __rtentry2.o(.ARM.Collect$$rtentry$$0000000D)
    __rt_entry_postli_1                      0x08000223   Thumb Code     0  __rtentry2.o(.ARM.Collect$$rtentry$$0000000C)
    __rt_exit                                0x0800022b   Thumb Code     0  rtexit.o(.ARM.Collect$$rtexit$$00000000)
    __rt_exit_ls                             0x0800022d   Thumb Code     0  rtexit2.o(.ARM.Collect$$rtexit$$00000003)
    __rt_exit_prels_1                        0x0800022d   Thumb Code     0  rtexit2.o(.ARM.Collect$$rtexit$$00000002)
    __rt_exit_exit                           0x08000231   Thumb Code     0  rtexit2.o(.ARM.Collect$$rtexit$$00000004)
    SVC_Handler                              0x08000239   Thumb Code    28  port.o(.emb_text)
    __asm___6_port_c_39a90d8d__prvStartFirstTask 0x08000259   Thumb Code    36  port.o(.emb_text)
    __asm___6_port_c_39a90d8d__prvEnableVFP  0x08000281   Thumb Code    16  port.o(.emb_text)
    PendSV_Handler                           0x08000295   Thumb Code    88  port.o(.emb_text)
    vPortGetIPSR                             0x080002f1   Thumb Code     6  port.o(.emb_text)
    Reset_Handler                            0x080002f9   Thumb Code     8  startup_stm32f411xe.o(.text)
    ADC_IRQHandler                           0x08000313   Thumb Code     0  startup_stm32f411xe.o(.text)
    DMA1_Stream0_IRQHandler                  0x08000313   Thumb Code     0  startup_stm32f411xe.o(.text)
    DMA1_Stream1_IRQHandler                  0x08000313   Thumb Code     0  startup_stm32f411xe.o(.text)
    DMA1_Stream2_IRQHandler                  0x08000313   Thumb Code     0  startup_stm32f411xe.o(.text)
    DMA1_Stream3_IRQHandler                  0x08000313   Thumb Code     0  startup_stm32f411xe.o(.text)
    DMA1_Stream4_IRQHandler                  0x08000313   Thumb Code     0  startup_stm32f411xe.o(.text)
    DMA1_Stream5_IRQHandler                  0x08000313   Thumb Code     0  startup_stm32f411xe.o(.text)
    DMA1_Stream6_IRQHandler                  0x08000313   Thumb Code     0  startup_stm32f411xe.o(.text)
    DMA1_Stream7_IRQHandler                  0x08000313   Thumb Code     0  startup_stm32f411xe.o(.text)
    DMA2_Stream0_IRQHandler                  0x08000313   Thumb Code     0  startup_stm32f411xe.o(.text)
    DMA2_Stream1_IRQHandler                  0x08000313   Thumb Code     0  startup_stm32f411xe.o(.text)
    DMA2_Stream2_IRQHandler                  0x08000313   Thumb Code     0  startup_stm32f411xe.o(.text)
    DMA2_Stream3_IRQHandler                  0x08000313   Thumb Code     0  startup_stm32f411xe.o(.text)
    DMA2_Stream4_IRQHandler                  0x08000313   Thumb Code     0  startup_stm32f411xe.o(.text)
    DMA2_Stream5_IRQHandler                  0x08000313   Thumb Code     0  startup_stm32f411xe.o(.text)
    DMA2_Stream6_IRQHandler                  0x08000313   Thumb Code     0  startup_stm32f411xe.o(.text)
    DMA2_Stream7_IRQHandler                  0x08000313   Thumb Code     0  startup_stm32f411xe.o(.text)
    EXTI0_IRQHandler                         0x08000313   Thumb Code     0  startup_stm32f411xe.o(.text)
    EXTI15_10_IRQHandler                     0x08000313   Thumb Code     0  startup_stm32f411xe.o(.text)
    EXTI1_IRQHandler                         0x08000313   Thumb Code     0  startup_stm32f411xe.o(.text)
    EXTI2_IRQHandler                         0x08000313   Thumb Code     0  startup_stm32f411xe.o(.text)
    EXTI3_IRQHandler                         0x08000313   Thumb Code     0  startup_stm32f411xe.o(.text)
    EXTI4_IRQHandler                         0x08000313   Thumb Code     0  startup_stm32f411xe.o(.text)
    EXTI9_5_IRQHandler                       0x08000313   Thumb Code     0  startup_stm32f411xe.o(.text)
    FLASH_IRQHandler                         0x08000313   Thumb Code     0  startup_stm32f411xe.o(.text)
    FPU_IRQHandler                           0x08000313   Thumb Code     0  startup_stm32f411xe.o(.text)
    I2C1_ER_IRQHandler                       0x08000313   Thumb Code     0  startup_stm32f411xe.o(.text)
    I2C1_EV_IRQHandler                       0x08000313   Thumb Code     0  startup_stm32f411xe.o(.text)
    I2C2_ER_IRQHandler                       0x08000313   Thumb Code     0  startup_stm32f411xe.o(.text)
    I2C2_EV_IRQHandler                       0x08000313   Thumb Code     0  startup_stm32f411xe.o(.text)
    I2C3_ER_IRQHandler                       0x08000313   Thumb Code     0  startup_stm32f411xe.o(.text)
    I2C3_EV_IRQHandler                       0x08000313   Thumb Code     0  startup_stm32f411xe.o(.text)
    OTG_FS_IRQHandler                        0x08000313   Thumb Code     0  startup_stm32f411xe.o(.text)
    OTG_FS_WKUP_IRQHandler                   0x08000313   Thumb Code     0  startup_stm32f411xe.o(.text)
    PVD_IRQHandler                           0x08000313   Thumb Code     0  startup_stm32f411xe.o(.text)
    RCC_IRQHandler                           0x08000313   Thumb Code     0  startup_stm32f411xe.o(.text)
    RTC_Alarm_IRQHandler                     0x08000313   Thumb Code     0  startup_stm32f411xe.o(.text)
    RTC_WKUP_IRQHandler                      0x08000313   Thumb Code     0  startup_stm32f411xe.o(.text)
    SDIO_IRQHandler                          0x08000313   Thumb Code     0  startup_stm32f411xe.o(.text)
    SPI1_IRQHandler                          0x08000313   Thumb Code     0  startup_stm32f411xe.o(.text)
    SPI2_IRQHandler                          0x08000313   Thumb Code     0  startup_stm32f411xe.o(.text)
    SPI3_IRQHandler                          0x08000313   Thumb Code     0  startup_stm32f411xe.o(.text)
    SPI4_IRQHandler                          0x08000313   Thumb Code     0  startup_stm32f411xe.o(.text)
    SPI5_IRQHandler                          0x08000313   Thumb Code     0  startup_stm32f411xe.o(.text)
    TAMP_STAMP_IRQHandler                    0x08000313   Thumb Code     0  startup_stm32f411xe.o(.text)
    TIM1_BRK_TIM9_IRQHandler                 0x08000313   Thumb Code     0  startup_stm32f411xe.o(.text)
    TIM1_CC_IRQHandler                       0x08000313   Thumb Code     0  startup_stm32f411xe.o(.text)
    TIM1_TRG_COM_TIM11_IRQHandler            0x08000313   Thumb Code     0  startup_stm32f411xe.o(.text)
    TIM1_UP_TIM10_IRQHandler                 0x08000313   Thumb Code     0  startup_stm32f411xe.o(.text)
    TIM2_IRQHandler                          0x08000313   Thumb Code     0  startup_stm32f411xe.o(.text)
    TIM3_IRQHandler                          0x08000313   Thumb Code     0  startup_stm32f411xe.o(.text)
    TIM4_IRQHandler                          0x08000313   Thumb Code     0  startup_stm32f411xe.o(.text)
    USART1_IRQHandler                        0x08000313   Thumb Code     0  startup_stm32f411xe.o(.text)
    USART2_IRQHandler                        0x08000313   Thumb Code     0  startup_stm32f411xe.o(.text)
    USART6_IRQHandler                        0x08000313   Thumb Code     0  startup_stm32f411xe.o(.text)
    WWDG_IRQHandler                          0x08000313   Thumb Code     0  startup_stm32f411xe.o(.text)
    __user_initial_stackheap                 0x08000315   Thumb Code     0  startup_stm32f411xe.o(.text)
    __aeabi_uldivmod                         0x08000339   Thumb Code     0  lludivv7m.o(.text)
    _ll_udiv                                 0x08000339   Thumb Code   238  lludivv7m.o(.text)
    strlen                                   0x08000427   Thumb Code    62  strlen.o(.text)
    __aeabi_memcpy                           0x08000465   Thumb Code     0  rt_memcpy_v6.o(.text)
    __rt_memcpy                              0x08000465   Thumb Code   138  rt_memcpy_v6.o(.text)
    _memcpy_lastbytes                        0x080004cb   Thumb Code     0  rt_memcpy_v6.o(.text)
    __aeabi_memset                           0x080004ef   Thumb Code    16  aeabi_memset.o(.text)
    __aeabi_memclr4                          0x080004ff   Thumb Code     0  rt_memclr_w.o(.text)
    __aeabi_memclr8                          0x080004ff   Thumb Code     0  rt_memclr_w.o(.text)
    __rt_memclr_w                            0x080004ff   Thumb Code    78  rt_memclr_w.o(.text)
    _memset_w                                0x08000503   Thumb Code     0  rt_memclr_w.o(.text)
    __use_two_region_memory                  0x0800054d   Thumb Code     2  heapauxi.o(.text)
    __rt_heap_escrow$2region                 0x0800054f   Thumb Code     2  heapauxi.o(.text)
    __rt_heap_expand$2region                 0x08000551   Thumb Code     2  heapauxi.o(.text)
    __aeabi_memcpy4                          0x08000553   Thumb Code     0  rt_memcpy_w.o(.text)
    __aeabi_memcpy8                          0x08000553   Thumb Code     0  rt_memcpy_w.o(.text)
    __rt_memcpy_w                            0x08000553   Thumb Code   100  rt_memcpy_w.o(.text)
    _memcpy_lastbytes_aligned                0x0800059b   Thumb Code     0  rt_memcpy_w.o(.text)
    __aeabi_memclr                           0x080005b7   Thumb Code     0  rt_memclr.o(.text)
    __rt_memclr                              0x080005b7   Thumb Code    68  rt_memclr.o(.text)
    _memset                                  0x080005bb   Thumb Code     0  rt_memclr.o(.text)
    __user_setup_stackheap                   0x080005fb   Thumb Code    74  sys_stackheap_outer.o(.text)
    exit                                     0x08000645   Thumb Code    18  exit.o(.text)
    __user_libspace                          0x08000659   Thumb Code     8  libspace.o(.text)
    __user_perproc_libspace                  0x08000659   Thumb Code     0  libspace.o(.text)
    __user_perthread_libspace                0x08000659   Thumb Code     0  libspace.o(.text)
    _sys_exit                                0x08000661   Thumb Code     8  sys_exit.o(.text)
    __I$use$semihosting                      0x0800066d   Thumb Code     0  use_no_semi.o(.text)
    __use_no_semihosting_swi                 0x0800066d   Thumb Code     2  use_no_semi.o(.text)
    BusFault_Handler                         0x0800066f   Thumb Code     2  stm32f4xx_it.o(i.BusFault_Handler)
    __semihosting_library_function           0x0800066f   Thumb Code     0  indicate_semi.o(.text)
    DebugMon_Handler                         0x08000671   Thumb Code     2  stm32f4xx_it.o(i.DebugMon_Handler)
    Error_Handler                            0x08000673   Thumb Code     4  main.o(i.Error_Handler)
    HAL_Delay                                0x08000679   Thumb Code    32  stm32f4xx_hal.o(i.HAL_Delay)
    HAL_GPIO_Init                            0x0800069d   Thumb Code   446  stm32f4xx_hal_gpio.o(i.HAL_GPIO_Init)
    HAL_GPIO_WritePin                        0x0800087d   Thumb Code    10  stm32f4xx_hal_gpio.o(i.HAL_GPIO_WritePin)
    HAL_GetTick                              0x08000889   Thumb Code     6  stm32f4xx_hal.o(i.HAL_GetTick)
    HAL_I2C_Init                             0x08000895   Thumb Code   376  stm32f4xx_hal_i2c.o(i.HAL_I2C_Init)
    HAL_I2C_MspInit                          0x08000a1d   Thumb Code   182  i2c.o(i.HAL_I2C_MspInit)
    HAL_IncTick                              0x08000ae5   Thumb Code    12  stm32f4xx_hal.o(i.HAL_IncTick)
    HAL_Init                                 0x08000af5   Thumb Code    48  stm32f4xx_hal.o(i.HAL_Init)
    HAL_InitTick                             0x08000b29   Thumb Code   132  stm32f4xx_hal_timebase_tim.o(i.HAL_InitTick)
    HAL_MspInit                              0x08000bc1   Thumb Code    52  stm32f4xx_hal_msp.o(i.HAL_MspInit)
    HAL_NVIC_EnableIRQ                       0x08000bf9   Thumb Code    26  stm32f4xx_hal_cortex.o(i.HAL_NVIC_EnableIRQ)
    HAL_NVIC_SetPriority                     0x08000c15   Thumb Code    60  stm32f4xx_hal_cortex.o(i.HAL_NVIC_SetPriority)
    HAL_NVIC_SetPriorityGrouping             0x08000c55   Thumb Code    26  stm32f4xx_hal_cortex.o(i.HAL_NVIC_SetPriorityGrouping)
    HAL_RCC_ClockConfig                      0x08000c79   Thumb Code   288  stm32f4xx_hal_rcc.o(i.HAL_RCC_ClockConfig)
    HAL_RCC_GetClockConfig                   0x08000dad   Thumb Code    54  stm32f4xx_hal_rcc.o(i.HAL_RCC_GetClockConfig)
    HAL_RCC_GetPCLK1Freq                     0x08000ded   Thumb Code    20  stm32f4xx_hal_rcc.o(i.HAL_RCC_GetPCLK1Freq)
    HAL_RCC_GetPCLK2Freq                     0x08000e0d   Thumb Code    20  stm32f4xx_hal_rcc.o(i.HAL_RCC_GetPCLK2Freq)
    HAL_RCC_GetSysClockFreq                  0x08000e2d   Thumb Code    88  stm32f4xx_hal_rcc.o(i.HAL_RCC_GetSysClockFreq)
    HAL_RCC_OscConfig                        0x08000e91   Thumb Code   856  stm32f4xx_hal_rcc.o(i.HAL_RCC_OscConfig)
    HAL_SPI_Init                             0x080011fd   Thumb Code   188  stm32f4xx_hal_spi.o(i.HAL_SPI_Init)
    HAL_SPI_MspInit                          0x080012b9   Thumb Code   154  spi.o(i.HAL_SPI_MspInit)
    HAL_SPI_Transmit                         0x08001369   Thumb Code   358  stm32f4xx_hal_spi.o(i.HAL_SPI_Transmit)
    HAL_TIMEx_BreakCallback                  0x080014cf   Thumb Code     2  stm32f4xx_hal_tim_ex.o(i.HAL_TIMEx_BreakCallback)
    HAL_TIMEx_CommutCallback                 0x080014d1   Thumb Code     2  stm32f4xx_hal_tim_ex.o(i.HAL_TIMEx_CommutCallback)
    HAL_TIMEx_MasterConfigSynchronization    0x080014d5   Thumb Code   104  stm32f4xx_hal_tim_ex.o(i.HAL_TIMEx_MasterConfigSynchronization)
    HAL_TIM_Base_Init                        0x08001551   Thumb Code    90  stm32f4xx_hal_tim.o(i.HAL_TIM_Base_Init)
    HAL_TIM_Base_MspInit                     0x080015ad   Thumb Code    30  tim.o(i.HAL_TIM_Base_MspInit)
    HAL_TIM_Base_Start_IT                    0x080015d1   Thumb Code    88  stm32f4xx_hal_tim.o(i.HAL_TIM_Base_Start_IT)
    HAL_TIM_ConfigClockSource                0x0800163d   Thumb Code   220  stm32f4xx_hal_tim.o(i.HAL_TIM_ConfigClockSource)
    HAL_TIM_IC_CaptureCallback               0x08001719   Thumb Code     2  stm32f4xx_hal_tim.o(i.HAL_TIM_IC_CaptureCallback)
    HAL_TIM_IRQHandler                       0x0800171b   Thumb Code   304  stm32f4xx_hal_tim.o(i.HAL_TIM_IRQHandler)
    HAL_TIM_MspPostInit                      0x0800184d   Thumb Code    68  tim.o(i.HAL_TIM_MspPostInit)
    HAL_TIM_OC_DelayElapsedCallback          0x08001899   Thumb Code     2  stm32f4xx_hal_tim.o(i.HAL_TIM_OC_DelayElapsedCallback)
    HAL_TIM_PWM_ConfigChannel                0x0800189b   Thumb Code   204  stm32f4xx_hal_tim.o(i.HAL_TIM_PWM_ConfigChannel)
    HAL_TIM_PWM_Init                         0x08001967   Thumb Code    90  stm32f4xx_hal_tim.o(i.HAL_TIM_PWM_Init)
    HAL_TIM_PWM_MspInit                      0x080019c1   Thumb Code     2  stm32f4xx_hal_tim.o(i.HAL_TIM_PWM_MspInit)
    HAL_TIM_PWM_PulseFinishedCallback        0x080019c3   Thumb Code     2  stm32f4xx_hal_tim.o(i.HAL_TIM_PWM_PulseFinishedCallback)
    HAL_TIM_PWM_Start                        0x080019c5   Thumb Code   156  stm32f4xx_hal_tim.o(i.HAL_TIM_PWM_Start)
    HAL_TIM_PeriodElapsedCallback            0x08001a75   Thumb Code    14  main.o(i.HAL_TIM_PeriodElapsedCallback)
    HAL_TIM_TriggerCallback                  0x08001a89   Thumb Code     2  stm32f4xx_hal_tim.o(i.HAL_TIM_TriggerCallback)
    HAL_UART_Init                            0x08001a8b   Thumb Code   100  stm32f4xx_hal_uart.o(i.HAL_UART_Init)
    HAL_UART_MspInit                         0x08001af1   Thumb Code   138  usart.o(i.HAL_UART_MspInit)
    HAL_UART_Transmit                        0x08001b8d   Thumb Code   160  stm32f4xx_hal_uart.o(i.HAL_UART_Transmit)
    HardFault_Handler                        0x08001c2d   Thumb Code     2  stm32f4xx_it.o(i.HardFault_Handler)
    MX_FREERTOS_Init                         0x08001c31   Thumb Code    18  freertos.o(i.MX_FREERTOS_Init)
    MX_GPIO_Init                             0x08001c51   Thumb Code   244  gpio.o(i.MX_GPIO_Init)
    MX_I2C1_Init                             0x08001d55   Thumb Code    50  i2c.o(i.MX_I2C1_Init)
    MX_I2C2_Init                             0x08001d95   Thumb Code    50  i2c.o(i.MX_I2C2_Init)
    MX_SPI1_Init                             0x08001dd5   Thumb Code    62  spi.o(i.MX_SPI1_Init)
    MX_SPI2_Init                             0x08001e1d   Thumb Code    62  spi.o(i.MX_SPI2_Init)
    MX_TIM2_Init                             0x08001e65   Thumb Code   148  tim.o(i.MX_TIM2_Init)
    MX_USART1_UART_Init                      0x08001efd   Thumb Code    48  usart.o(i.MX_USART1_UART_Init)
    MX_USART2_UART_Init                      0x08001f35   Thumb Code    48  usart.o(i.MX_USART2_UART_Init)
    MemManage_Handler                        0x08001f6d   Thumb Code     2  stm32f4xx_it.o(i.MemManage_Handler)
    NMI_Handler                              0x08001f6f   Thumb Code     2  stm32f4xx_it.o(i.NMI_Handler)
    ST7789_Fill                              0x08002099   Thumb Code   140  lcd_st7789.o(i.ST7789_Fill)
    ST7789_Init                              0x08002135   Thumb Code   294  lcd_st7789.o(i.ST7789_Init)
    ST7789_SendCmd                           0x0800228d   Thumb Code    78  lcd_st7789.o(i.ST7789_SendCmd)
    StartDefaultTask                         0x080022e5   Thumb Code     8  freertos.o(i.StartDefaultTask)
    SysTick_Handler                          0x080022ed   Thumb Code    26  cmsis_os2.o(i.SysTick_Handler)
    SystemClock_Config                       0x08002309   Thumb Code   136  main.o(i.SystemClock_Config)
    SystemInit                               0x08002399   Thumb Code    12  system_stm32f4xx.o(i.SystemInit)
    TIM5_IRQHandler                          0x080023a9   Thumb Code     6  stm32f4xx_it.o(i.TIM5_IRQHandler)
    TIM_Base_SetConfig                       0x080023b5   Thumb Code   130  stm32f4xx_hal_tim.o(i.TIM_Base_SetConfig)
    TIM_CCxChannelCmd                        0x08002455   Thumb Code    26  stm32f4xx_hal_tim.o(i.TIM_CCxChannelCmd)
    TIM_ETR_SetConfig                        0x0800246f   Thumb Code    20  stm32f4xx_hal_tim.o(i.TIM_ETR_SetConfig)
    TIM_OC2_SetConfig                        0x080024e5   Thumb Code    84  stm32f4xx_hal_tim.o(i.TIM_OC2_SetConfig)
    UsageFault_Handler                       0x080027eb   Thumb Code     2  stm32f4xx_it.o(i.UsageFault_Handler)
    main                                     0x0800280d   Thumb Code   180  main.o(i.main)
    osDelay                                  0x080028f9   Thumb Code    26  cmsis_os2.o(i.osDelay)
    osKernelInitialize                       0x08002915   Thumb Code    32  cmsis_os2.o(i.osKernelInitialize)
    osKernelStart                            0x08002939   Thumb Code    48  cmsis_os2.o(i.osKernelStart)
    osThreadNew                              0x08002971   Thumb Code   138  cmsis_os2.o(i.osThreadNew)
    pvPortMalloc                             0x08003191   Thumb Code   216  heap_4.o(i.pvPortMalloc)
    pxPortInitialiseStack                    0x0800326d   Thumb Code    40  port.o(i.pxPortInitialiseStack)
    uxListRemove                             0x08003299   Thumb Code    38  list.o(i.uxListRemove)
    vApplicationGetIdleTaskMemory            0x080032c1   Thumb Code    16  cmsis_os2.o(i.vApplicationGetIdleTaskMemory)
    vApplicationGetTimerTaskMemory           0x080032d5   Thumb Code    18  cmsis_os2.o(i.vApplicationGetTimerTaskMemory)
    vListInitialise                          0x080032ed   Thumb Code    22  list.o(i.vListInitialise)
    vListInitialiseItem                      0x08003303   Thumb Code     6  list.o(i.vListInitialiseItem)
    vListInsert                              0x08003309   Thumb Code    48  list.o(i.vListInsert)
    vListInsertEnd                           0x08003339   Thumb Code    24  list.o(i.vListInsertEnd)
    vPortEnterCritical                       0x08003351   Thumb Code    54  port.o(i.vPortEnterCritical)
    vPortExitCritical                        0x08003391   Thumb Code    34  port.o(i.vPortExitCritical)
    vPortFree                                0x080033b9   Thumb Code    94  heap_4.o(i.vPortFree)
    vPortSetupTimerInterrupt                 0x0800341d   Thumb Code    32  port.o(i.vPortSetupTimerInterrupt)
    vPortValidateInterruptPriority           0x08003441   Thumb Code    74  port.o(i.vPortValidateInterruptPriority)
    vQueueAddToRegistry                      0x08003495   Thumb Code    34  queue.o(i.vQueueAddToRegistry)
    vQueueWaitForMessageRestricted           0x080034bd   Thumb Code    68  queue.o(i.vQueueWaitForMessageRestricted)
    vTaskDelay                               0x08003501   Thumb Code    66  tasks.o(i.vTaskDelay)
    vTaskInternalSetTimeOutState             0x0800354d   Thumb Code    12  tasks.o(i.vTaskInternalSetTimeOutState)
    vTaskMissedYield                         0x0800355d   Thumb Code     8  tasks.o(i.vTaskMissedYield)
    vTaskPlaceOnEventList                    0x08003569   Thumb Code    44  tasks.o(i.vTaskPlaceOnEventList)
    vTaskPlaceOnEventListRestricted          0x08003599   Thumb Code    52  tasks.o(i.vTaskPlaceOnEventListRestricted)
    vTaskStartScheduler                      0x080035d1   Thumb Code   118  tasks.o(i.vTaskStartScheduler)
    vTaskSuspendAll                          0x08003659   Thumb Code    10  tasks.o(i.vTaskSuspendAll)
    vTaskSwitchContext                       0x08003669   Thumb Code    90  tasks.o(i.vTaskSwitchContext)
    xPortStartScheduler                      0x080036cd   Thumb Code   222  port.o(i.xPortStartScheduler)
    xPortSysTickHandler                      0x080037c1   Thumb Code    38  port.o(i.xPortSysTickHandler)
    xQueueGenericCreateStatic                0x080037ed   Thumb Code   102  queue.o(i.xQueueGenericCreateStatic)
    xQueueGenericReset                       0x08003855   Thumb Code   132  queue.o(i.xQueueGenericReset)
    xQueueGenericSend                        0x080038dd   Thumb Code   346  queue.o(i.xQueueGenericSend)
    xQueueGenericSendFromISR                 0x08003a3d   Thumb Code   190  queue.o(i.xQueueGenericSendFromISR)
    xQueueReceive                            0x08003afd   Thumb Code   308  queue.o(i.xQueueReceive)
    xTaskCheckForTimeOut                     0x08003c35   Thumb Code   112  tasks.o(i.xTaskCheckForTimeOut)
    xTaskCreate                              0x08003ca9   Thumb Code    90  tasks.o(i.xTaskCreate)
    xTaskCreateStatic                        0x08003d03   Thumb Code    86  tasks.o(i.xTaskCreateStatic)
    xTaskGetSchedulerState                   0x08003d59   Thumb Code    22  tasks.o(i.xTaskGetSchedulerState)
    xTaskGetTickCount                        0x08003d75   Thumb Code     6  tasks.o(i.xTaskGetTickCount)
    xTaskIncrementTick                       0x08003d81   Thumb Code   192  tasks.o(i.xTaskIncrementTick)
    xTaskPriorityDisinherit                  0x08003e49   Thumb Code   118  tasks.o(i.xTaskPriorityDisinherit)
    xTaskRemoveFromEventList                 0x08003ec9   Thumb Code    98  tasks.o(i.xTaskRemoveFromEventList)
    xTaskResumeAll                           0x08003f39   Thumb Code   182  tasks.o(i.xTaskResumeAll)
    xTimerCreateTimerTask                    0x08003ffd   Thumb Code    78  timers.o(i.xTimerCreateTimerTask)
    xTimerGenericCommand                     0x0800405d   Thumb Code    98  timers.o(i.xTimerGenericCommand)
    _fp_init                                 0x080040c5   Thumb Code    10  fpinit.o(x$fpl$fpinit)
    __fplib_config_fpu_vfp                   0x080040cd   Thumb Code     0  fpinit.o(x$fpl$fpinit)
    __fplib_config_pureend_doubles           0x080040cd   Thumb Code     0  fpinit.o(x$fpl$fpinit)
    defaultTask_attributes                   0x080040d0   Data          36  freertos.o(.constdata)
    AHBPrescTable                            0x080040f4   Data          16  system_stm32f4xx.o(.constdata)
    APBPrescTable                            0x08004104   Data           8  system_stm32f4xx.o(.constdata)
    Region$$Table$$Base                      0x08004118   Number         0  anon$$obj.o(Region$$Table)
    Region$$Table$$Limit                     0x08004138   Number         0  anon$$obj.o(Region$$Table)
    defaultTaskHandle                        0x20000000   Data           4  freertos.o(.data)
    uwTickFreq                               0x20000004   Data           1  stm32f4xx_hal.o(.data)
    uwTickPrio                               0x20000008   Data           4  stm32f4xx_hal.o(.data)
    uwTick                                   0x2000000c   Data           4  stm32f4xx_hal.o(.data)
    SystemCoreClock                          0x20000010   Data           4  system_stm32f4xx.o(.data)
    pxCurrentTCB                             0x20000014   Data           4  tasks.o(.data)
    hi2c1                                    0x20000094   Data          84  i2c.o(.bss)
    hi2c2                                    0x200000e8   Data          84  i2c.o(.bss)
    hspi1                                    0x2000013c   Data          88  spi.o(.bss)
    hspi2                                    0x20000194   Data          88  spi.o(.bss)
    htim2                                    0x200001ec   Data          72  tim.o(.bss)
    huart1                                   0x20000234   Data          72  usart.o(.bss)
    huart2                                   0x2000027c   Data          72  usart.o(.bss)
    htim5                                    0x200002c4   Data          72  stm32f4xx_hal_timebase_tim.o(.bss)
    xQueueRegistry                           0x2000030c   Data          64  queue.o(.bss)
    __libspace_start                         0x20004be0   Data          96  libspace.o(.bss)
    __temporary_stack_top$libspace           0x20004c40   Data           0  libspace.o(.bss)



==============================================================================

Memory Map of the image

  Image Entry point : 0x08000199

  Load Region LR_IROM1 (Base: 0x08000000, Size: 0x000041cc, Max: 0x00080000, ABSOLUTE)

    Execution Region ER_IROM1 (Exec base: 0x08000000, Load base: 0x08000000, Size: 0x00004138, Max: 0x00080000, ABSOLUTE)

    Exec Addr    Load Addr    Size         Type   Attr      Idx    E Section Name        Object

    0x08000000   0x08000000   0x00000198   Data   RO            3    RESET               startup_stm32f411xe.o
    0x08000198   0x08000198   0x00000008   Code   RO         5806  * !!!main             c_w.l(__main.o)
    0x080001a0   0x080001a0   0x00000034   Code   RO         5979    !!!scatter          c_w.l(__scatter.o)
    0x080001d4   0x080001d4   0x0000001a   Code   RO         5981    !!handler_copy      c_w.l(__scatter_copy.o)
    0x080001ee   0x080001ee   0x00000002   PAD
    0x080001f0   0x080001f0   0x0000001c   Code   RO         5983    !!handler_zi        c_w.l(__scatter_zi.o)
    0x0800020c   0x0800020c   0x00000002   Code   RO         5847    .ARM.Collect$$libinit$$00000000  c_w.l(libinit.o)
    0x0800020e   0x0800020e   0x00000004   Code   RO         5859    .ARM.Collect$$libinit$$00000001  c_w.l(libinit2.o)
    0x08000212   0x08000212   0x00000000   Code   RO         5862    .ARM.Collect$$libinit$$00000004  c_w.l(libinit2.o)
    0x08000212   0x08000212   0x00000000   Code   RO         5865    .ARM.Collect$$libinit$$0000000A  c_w.l(libinit2.o)
    0x08000212   0x08000212   0x00000000   Code   RO         5867    .ARM.Collect$$libinit$$0000000C  c_w.l(libinit2.o)
    0x08000212   0x08000212   0x00000000   Code   RO         5869    .ARM.Collect$$libinit$$0000000E  c_w.l(libinit2.o)
    0x08000212   0x08000212   0x00000000   Code   RO         5872    .ARM.Collect$$libinit$$00000011  c_w.l(libinit2.o)
    0x08000212   0x08000212   0x00000000   Code   RO         5874    .ARM.Collect$$libinit$$00000013  c_w.l(libinit2.o)
    0x08000212   0x08000212   0x00000000   Code   RO         5876    .ARM.Collect$$libinit$$00000015  c_w.l(libinit2.o)
    0x08000212   0x08000212   0x00000000   Code   RO         5878    .ARM.Collect$$libinit$$00000017  c_w.l(libinit2.o)
    0x08000212   0x08000212   0x00000000   Code   RO         5880    .ARM.Collect$$libinit$$00000019  c_w.l(libinit2.o)
    0x08000212   0x08000212   0x00000000   Code   RO         5882    .ARM.Collect$$libinit$$0000001B  c_w.l(libinit2.o)
    0x08000212   0x08000212   0x00000000   Code   RO         5884    .ARM.Collect$$libinit$$0000001D  c_w.l(libinit2.o)
    0x08000212   0x08000212   0x00000000   Code   RO         5886    .ARM.Collect$$libinit$$0000001F  c_w.l(libinit2.o)
    0x08000212   0x08000212   0x00000000   Code   RO         5888    .ARM.Collect$$libinit$$00000021  c_w.l(libinit2.o)
    0x08000212   0x08000212   0x00000000   Code   RO         5890    .ARM.Collect$$libinit$$00000023  c_w.l(libinit2.o)
    0x08000212   0x08000212   0x00000000   Code   RO         5892    .ARM.Collect$$libinit$$00000025  c_w.l(libinit2.o)
    0x08000212   0x08000212   0x00000000   Code   RO         5896    .ARM.Collect$$libinit$$0000002C  c_w.l(libinit2.o)
    0x08000212   0x08000212   0x00000000   Code   RO         5898    .ARM.Collect$$libinit$$0000002E  c_w.l(libinit2.o)
    0x08000212   0x08000212   0x00000000   Code   RO         5900    .ARM.Collect$$libinit$$00000030  c_w.l(libinit2.o)
    0x08000212   0x08000212   0x00000000   Code   RO         5902    .ARM.Collect$$libinit$$00000032  c_w.l(libinit2.o)
    0x08000212   0x08000212   0x00000002   Code   RO         5903    .ARM.Collect$$libinit$$00000033  c_w.l(libinit2.o)
    0x08000214   0x08000214   0x00000002   Code   RO         5934    .ARM.Collect$$libshutdown$$00000000  c_w.l(libshutdown.o)
    0x08000216   0x08000216   0x00000000   Code   RO         5960    .ARM.Collect$$libshutdown$$00000002  c_w.l(libshutdown2.o)
    0x08000216   0x08000216   0x00000000   Code   RO         5962    .ARM.Collect$$libshutdown$$00000004  c_w.l(libshutdown2.o)
    0x08000216   0x08000216   0x00000000   Code   RO         5964    .ARM.Collect$$libshutdown$$00000006  c_w.l(libshutdown2.o)
    0x08000216   0x08000216   0x00000000   Code   RO         5967    .ARM.Collect$$libshutdown$$00000009  c_w.l(libshutdown2.o)
    0x08000216   0x08000216   0x00000000   Code   RO         5970    .ARM.Collect$$libshutdown$$0000000C  c_w.l(libshutdown2.o)
    0x08000216   0x08000216   0x00000000   Code   RO         5972    .ARM.Collect$$libshutdown$$0000000E  c_w.l(libshutdown2.o)
    0x08000216   0x08000216   0x00000000   Code   RO         5975    .ARM.Collect$$libshutdown$$00000011  c_w.l(libshutdown2.o)
    0x08000216   0x08000216   0x00000002   Code   RO         5976    .ARM.Collect$$libshutdown$$00000012  c_w.l(libshutdown2.o)
    0x08000218   0x08000218   0x00000000   Code   RO         5808    .ARM.Collect$$rtentry$$00000000  c_w.l(__rtentry.o)
    0x08000218   0x08000218   0x00000000   Code   RO         5818    .ARM.Collect$$rtentry$$00000002  c_w.l(__rtentry2.o)
    0x08000218   0x08000218   0x00000006   Code   RO         5830    .ARM.Collect$$rtentry$$00000004  c_w.l(__rtentry4.o)
    0x0800021e   0x0800021e   0x00000000   Code   RO         5820    .ARM.Collect$$rtentry$$00000009  c_w.l(__rtentry2.o)
    0x0800021e   0x0800021e   0x00000004   Code   RO         5821    .ARM.Collect$$rtentry$$0000000A  c_w.l(__rtentry2.o)
    0x08000222   0x08000222   0x00000000   Code   RO         5823    .ARM.Collect$$rtentry$$0000000C  c_w.l(__rtentry2.o)
    0x08000222   0x08000222   0x00000008   Code   RO         5824    .ARM.Collect$$rtentry$$0000000D  c_w.l(__rtentry2.o)
    0x0800022a   0x0800022a   0x00000002   Code   RO         5851    .ARM.Collect$$rtexit$$00000000  c_w.l(rtexit.o)
    0x0800022c   0x0800022c   0x00000000   Code   RO         5907    .ARM.Collect$$rtexit$$00000002  c_w.l(rtexit2.o)
    0x0800022c   0x0800022c   0x00000004   Code   RO         5908    .ARM.Collect$$rtexit$$00000003  c_w.l(rtexit2.o)
    0x08000230   0x08000230   0x00000006   Code   RO         5909    .ARM.Collect$$rtexit$$00000004  c_w.l(rtexit2.o)
    0x08000236   0x08000236   0x00000002   PAD
    0x08000238   0x08000238   0x000000be   Code   RO         5674    .emb_text           port.o
    0x080002f6   0x080002f6   0x00000002   PAD
    0x080002f8   0x080002f8   0x00000040   Code   RO            4    .text               startup_stm32f411xe.o
    0x08000338   0x08000338   0x000000ee   Code   RO         5792    .text               c_w.l(lludivv7m.o)
    0x08000426   0x08000426   0x0000003e   Code   RO         5794    .text               c_w.l(strlen.o)
    0x08000464   0x08000464   0x0000008a   Code   RO         5796    .text               c_w.l(rt_memcpy_v6.o)
    0x080004ee   0x080004ee   0x00000010   Code   RO         5800    .text               c_w.l(aeabi_memset.o)
    0x080004fe   0x080004fe   0x0000004e   Code   RO         5802    .text               c_w.l(rt_memclr_w.o)
    0x0800054c   0x0800054c   0x00000006   Code   RO         5804    .text               c_w.l(heapauxi.o)
    0x08000552   0x08000552   0x00000064   Code   RO         5813    .text               c_w.l(rt_memcpy_w.o)
    0x080005b6   0x080005b6   0x00000044   Code   RO         5815    .text               c_w.l(rt_memclr.o)
    0x080005fa   0x080005fa   0x0000004a   Code   RO         5834    .text               c_w.l(sys_stackheap_outer.o)
    0x08000644   0x08000644   0x00000012   Code   RO         5836    .text               c_w.l(exit.o)
    0x08000656   0x08000656   0x00000002   PAD
    0x08000658   0x08000658   0x00000008   Code   RO         5848    .text               c_w.l(libspace.o)
    0x08000660   0x08000660   0x0000000c   Code   RO         5904    .text               c_w.l(sys_exit.o)
    0x0800066c   0x0800066c   0x00000002   Code   RO         5923    .text               c_w.l(use_no_semi.o)
    0x0800066e   0x0800066e   0x00000000   Code   RO         5925    .text               c_w.l(indicate_semi.o)
    0x0800066e   0x0800066e   0x00000002   Code   RO          478    i.BusFault_Handler  stm32f4xx_it.o
    0x08000670   0x08000670   0x00000002   Code   RO          479    i.DebugMon_Handler  stm32f4xx_it.o
    0x08000672   0x08000672   0x00000004   Code   RO           13    i.Error_Handler     main.o
    0x08000676   0x08000676   0x00000002   PAD
    0x08000678   0x08000678   0x00000024   Code   RO         2555    i.HAL_Delay         stm32f4xx_hal.o
    0x0800069c   0x0800069c   0x000001e0   Code   RO         1987    i.HAL_GPIO_Init     stm32f4xx_hal_gpio.o
    0x0800087c   0x0800087c   0x0000000a   Code   RO         1991    i.HAL_GPIO_WritePin  stm32f4xx_hal_gpio.o
    0x08000886   0x08000886   0x00000002   PAD
    0x08000888   0x08000888   0x0000000c   Code   RO         2561    i.HAL_GetTick       stm32f4xx_hal.o
    0x08000894   0x08000894   0x00000188   Code   RO         2817    i.HAL_I2C_Init      stm32f4xx_hal_i2c.o
    0x08000a1c   0x08000a1c   0x000000c8   Code   RO          287    i.HAL_I2C_MspInit   i2c.o
    0x08000ae4   0x08000ae4   0x00000010   Code   RO         2567    i.HAL_IncTick       stm32f4xx_hal.o
    0x08000af4   0x08000af4   0x00000034   Code   RO         2568    i.HAL_Init          stm32f4xx_hal.o
    0x08000b28   0x08000b28   0x00000098   Code   RO          566    i.HAL_InitTick      stm32f4xx_hal_timebase_tim.o
    0x08000bc0   0x08000bc0   0x00000038   Code   RO          542    i.HAL_MspInit       stm32f4xx_hal_msp.o
    0x08000bf8   0x08000bf8   0x0000001a   Code   RO         2403    i.HAL_NVIC_EnableIRQ  stm32f4xx_hal_cortex.o
    0x08000c12   0x08000c12   0x00000002   PAD
    0x08000c14   0x08000c14   0x00000040   Code   RO         2409    i.HAL_NVIC_SetPriority  stm32f4xx_hal_cortex.o
    0x08000c54   0x08000c54   0x00000024   Code   RO         2410    i.HAL_NVIC_SetPriorityGrouping  stm32f4xx_hal_cortex.o
    0x08000c78   0x08000c78   0x00000134   Code   RO         1579    i.HAL_RCC_ClockConfig  stm32f4xx_hal_rcc.o
    0x08000dac   0x08000dac   0x00000040   Code   RO         1583    i.HAL_RCC_GetClockConfig  stm32f4xx_hal_rcc.o
    0x08000dec   0x08000dec   0x00000020   Code   RO         1586    i.HAL_RCC_GetPCLK1Freq  stm32f4xx_hal_rcc.o
    0x08000e0c   0x08000e0c   0x00000020   Code   RO         1587    i.HAL_RCC_GetPCLK2Freq  stm32f4xx_hal_rcc.o
    0x08000e2c   0x08000e2c   0x00000064   Code   RO         1588    i.HAL_RCC_GetSysClockFreq  stm32f4xx_hal_rcc.o
    0x08000e90   0x08000e90   0x0000036c   Code   RO         1591    i.HAL_RCC_OscConfig  stm32f4xx_hal_rcc.o
    0x080011fc   0x080011fc   0x000000bc   Code   RO         3284    i.HAL_SPI_Init      stm32f4xx_hal_spi.o
    0x080012b8   0x080012b8   0x000000b0   Code   RO          335    i.HAL_SPI_MspInit   spi.o
    0x08001368   0x08001368   0x00000166   Code   RO         3292    i.HAL_SPI_Transmit  stm32f4xx_hal_spi.o
    0x080014ce   0x080014ce   0x00000002   Code   RO         1311    i.HAL_TIMEx_BreakCallback  stm32f4xx_hal_tim_ex.o
    0x080014d0   0x080014d0   0x00000002   Code   RO         1312    i.HAL_TIMEx_CommutCallback  stm32f4xx_hal_tim_ex.o
    0x080014d2   0x080014d2   0x00000002   PAD
    0x080014d4   0x080014d4   0x0000007c   Code   RO         1330    i.HAL_TIMEx_MasterConfigSynchronization  stm32f4xx_hal_tim_ex.o
    0x08001550   0x08001550   0x0000005a   Code   RO          607    i.HAL_TIM_Base_Init  stm32f4xx_hal_tim.o
    0x080015aa   0x080015aa   0x00000002   PAD
    0x080015ac   0x080015ac   0x00000024   Code   RO          383    i.HAL_TIM_Base_MspInit  tim.o
    0x080015d0   0x080015d0   0x0000006c   Code   RO          612    i.HAL_TIM_Base_Start_IT  stm32f4xx_hal_tim.o
    0x0800163c   0x0800163c   0x000000dc   Code   RO          616    i.HAL_TIM_ConfigClockSource  stm32f4xx_hal_tim.o
    0x08001718   0x08001718   0x00000002   Code   RO          641    i.HAL_TIM_IC_CaptureCallback  stm32f4xx_hal_tim.o
    0x0800171a   0x0800171a   0x00000130   Code   RO          655    i.HAL_TIM_IRQHandler  stm32f4xx_hal_tim.o
    0x0800184a   0x0800184a   0x00000002   PAD
    0x0800184c   0x0800184c   0x0000004c   Code   RO          384    i.HAL_TIM_MspPostInit  tim.o
    0x08001898   0x08001898   0x00000002   Code   RO          658    i.HAL_TIM_OC_DelayElapsedCallback  stm32f4xx_hal_tim.o
    0x0800189a   0x0800189a   0x000000cc   Code   RO          679    i.HAL_TIM_PWM_ConfigChannel  stm32f4xx_hal_tim.o
    0x08001966   0x08001966   0x0000005a   Code   RO          682    i.HAL_TIM_PWM_Init  stm32f4xx_hal_tim.o
    0x080019c0   0x080019c0   0x00000002   Code   RO          684    i.HAL_TIM_PWM_MspInit  stm32f4xx_hal_tim.o
    0x080019c2   0x080019c2   0x00000002   Code   RO          685    i.HAL_TIM_PWM_PulseFinishedCallback  stm32f4xx_hal_tim.o
    0x080019c4   0x080019c4   0x000000b0   Code   RO          687    i.HAL_TIM_PWM_Start  stm32f4xx_hal_tim.o
    0x08001a74   0x08001a74   0x00000014   Code   RO           14    i.HAL_TIM_PeriodElapsedCallback  main.o
    0x08001a88   0x08001a88   0x00000002   Code   RO          698    i.HAL_TIM_TriggerCallback  stm32f4xx_hal_tim.o
    0x08001a8a   0x08001a8a   0x00000064   Code   RO         3625    i.HAL_UART_Init     stm32f4xx_hal_uart.o
    0x08001aee   0x08001aee   0x00000002   PAD
    0x08001af0   0x08001af0   0x0000009c   Code   RO          431    i.HAL_UART_MspInit  usart.o
    0x08001b8c   0x08001b8c   0x000000a0   Code   RO         3633    i.HAL_UART_Transmit  stm32f4xx_hal_uart.o
    0x08001c2c   0x08001c2c   0x00000002   Code   RO          480    i.HardFault_Handler  stm32f4xx_it.o
    0x08001c2e   0x08001c2e   0x00000002   PAD
    0x08001c30   0x08001c30   0x00000020   Code   RO          243    i.MX_FREERTOS_Init  freertos.o
    0x08001c50   0x08001c50   0x00000104   Code   RO          219    i.MX_GPIO_Init      gpio.o
    0x08001d54   0x08001d54   0x00000040   Code   RO          288    i.MX_I2C1_Init      i2c.o
    0x08001d94   0x08001d94   0x00000040   Code   RO          289    i.MX_I2C2_Init      i2c.o
    0x08001dd4   0x08001dd4   0x00000048   Code   RO          336    i.MX_SPI1_Init      spi.o
    0x08001e1c   0x08001e1c   0x00000048   Code   RO          337    i.MX_SPI2_Init      spi.o
    0x08001e64   0x08001e64   0x00000098   Code   RO          385    i.MX_TIM2_Init      tim.o
    0x08001efc   0x08001efc   0x00000038   Code   RO          432    i.MX_USART1_UART_Init  usart.o
    0x08001f34   0x08001f34   0x00000038   Code   RO          433    i.MX_USART2_UART_Init  usart.o
    0x08001f6c   0x08001f6c   0x00000002   Code   RO          481    i.MemManage_Handler  stm32f4xx_it.o
    0x08001f6e   0x08001f6e   0x00000002   Code   RO          482    i.NMI_Handler       stm32f4xx_it.o
    0x08001f70   0x08001f70   0x0000006c   Code   RO         3322    i.SPI_EndRxTxTransaction  stm32f4xx_hal_spi.o
    0x08001fdc   0x08001fdc   0x000000bc   Code   RO         3327    i.SPI_WaitFlagStateUntilTimeout  stm32f4xx_hal_spi.o
    0x08002098   0x08002098   0x0000009c   Code   RO         5754    i.ST7789_Fill       lcd_st7789.o
    0x08002134   0x08002134   0x00000158   Code   RO         5755    i.ST7789_Init       lcd_st7789.o
    0x0800228c   0x0800228c   0x00000058   Code   RO         5756    i.ST7789_SendCmd    lcd_st7789.o
    0x080022e4   0x080022e4   0x00000008   Code   RO          244    i.StartDefaultTask  freertos.o
    0x080022ec   0x080022ec   0x0000001a   Code   RO         5106    i.SysTick_Handler   cmsis_os2.o
    0x08002306   0x08002306   0x00000002   PAD
    0x08002308   0x08002308   0x00000090   Code   RO           15    i.SystemClock_Config  main.o
    0x08002398   0x08002398   0x00000010   Code   RO         3959    i.SystemInit        system_stm32f4xx.o
    0x080023a8   0x080023a8   0x0000000c   Code   RO          483    i.TIM5_IRQHandler   stm32f4xx_it.o
    0x080023b4   0x080023b4   0x000000a0   Code   RO          700    i.TIM_Base_SetConfig  stm32f4xx_hal_tim.o
    0x08002454   0x08002454   0x0000001a   Code   RO          701    i.TIM_CCxChannelCmd  stm32f4xx_hal_tim.o
    0x0800246e   0x0800246e   0x00000014   Code   RO          711    i.TIM_ETR_SetConfig  stm32f4xx_hal_tim.o
    0x08002482   0x08002482   0x00000010   Code   RO          712    i.TIM_ITRx_SetConfig  stm32f4xx_hal_tim.o
    0x08002492   0x08002492   0x00000002   PAD
    0x08002494   0x08002494   0x00000050   Code   RO          713    i.TIM_OC1_SetConfig  stm32f4xx_hal_tim.o
    0x080024e4   0x080024e4   0x00000058   Code   RO          714    i.TIM_OC2_SetConfig  stm32f4xx_hal_tim.o
    0x0800253c   0x0800253c   0x00000058   Code   RO          715    i.TIM_OC3_SetConfig  stm32f4xx_hal_tim.o
    0x08002594   0x08002594   0x00000044   Code   RO          716    i.TIM_OC4_SetConfig  stm32f4xx_hal_tim.o
    0x080025d8   0x080025d8   0x00000022   Code   RO          718    i.TIM_TI1_ConfigInputStage  stm32f4xx_hal_tim.o
    0x080025fa   0x080025fa   0x00000024   Code   RO          720    i.TIM_TI2_ConfigInputStage  stm32f4xx_hal_tim.o
    0x0800261e   0x0800261e   0x0000004e   Code   RO         3648    i.UART_EndRxTransfer  stm32f4xx_hal_uart.o
    0x0800266c   0x0800266c   0x0000010c   Code   RO         3651    i.UART_SetConfig    stm32f4xx_hal_uart.o
    0x08002778   0x08002778   0x00000072   Code   RO         3654    i.UART_WaitOnFlagUntilTimeout  stm32f4xx_hal_uart.o
    0x080027ea   0x080027ea   0x00000002   Code   RO          484    i.UsageFault_Handler  stm32f4xx_it.o
    0x080027ec   0x080027ec   0x00000020   Code   RO         2416    i.__NVIC_SetPriority  stm32f4xx_hal_cortex.o
    0x0800280c   0x0800280c   0x000000ec   Code   RO           16    i.main              main.o
    0x080028f8   0x080028f8   0x0000001a   Code   RO         5108    i.osDelay           cmsis_os2.o
    0x08002912   0x08002912   0x00000002   PAD
    0x08002914   0x08002914   0x00000024   Code   RO         5122    i.osKernelInitialize  cmsis_os2.o
    0x08002938   0x08002938   0x00000038   Code   RO         5125    i.osKernelStart     cmsis_os2.o
    0x08002970   0x08002970   0x0000008a   Code   RO         5167    i.osThreadNew       cmsis_os2.o
    0x080029fa   0x080029fa   0x00000002   PAD
    0x080029fc   0x080029fc   0x0000005c   Code   RO         4567    i.prvAddCurrentTaskToDelayedList  tasks.o
    0x08002a58   0x08002a58   0x000000d0   Code   RO         4568    i.prvAddNewTaskToReadyList  tasks.o
    0x08002b28   0x08002b28   0x00000058   Code   RO         4932    i.prvCheckForValidListAndQueue  timers.o
    0x08002b80   0x08002b80   0x00000026   Code   RO         4164    i.prvCopyDataFromQueue  queue.o
    0x08002ba6   0x08002ba6   0x0000006c   Code   RO         4165    i.prvCopyDataToQueue  queue.o
    0x08002c12   0x08002c12   0x00000034   Code   RO         4569    i.prvDeleteTCB      tasks.o
    0x08002c46   0x08002c46   0x00000002   PAD
    0x08002c48   0x08002c48   0x0000004c   Code   RO         5619    i.prvHeapInit       heap_4.o
    0x08002c94   0x08002c94   0x00000060   Code   RO         4570    i.prvIdleTask       tasks.o
    0x08002cf4   0x08002cf4   0x00000022   Code   RO         4167    i.prvInitialiseNewQueue  queue.o
    0x08002d16   0x08002d16   0x00000002   PAD
    0x08002d18   0x08002d18   0x000000b0   Code   RO         4571    i.prvInitialiseNewTask  tasks.o
    0x08002dc8   0x08002dc8   0x0000004c   Code   RO         5620    i.prvInsertBlockIntoFreeList  heap_4.o
    0x08002e14   0x08002e14   0x00000038   Code   RO         4934    i.prvInsertTimerInActiveList  timers.o
    0x08002e4c   0x08002e4c   0x0000001c   Code   RO         4168    i.prvIsQueueEmpty   queue.o
    0x08002e68   0x08002e68   0x000000fc   Code   RO         4935    i.prvProcessReceivedCommands  timers.o
    0x08002f64   0x08002f64   0x000000c0   Code   RO         4936    i.prvProcessTimerOrBlockTask  timers.o
    0x08003024   0x08003024   0x00000020   Code   RO         4573    i.prvResetNextTaskUnblockTime  tasks.o
    0x08003044   0x08003044   0x00000028   Code   RO         4937    i.prvSampleTimeNow  timers.o
    0x0800306c   0x0800306c   0x0000006c   Code   RO         4938    i.prvSwitchTimerLists  timers.o
    0x080030d8   0x080030d8   0x00000028   Code   RO         5675    i.prvTaskExitError  port.o
    0x08003100   0x08003100   0x00000024   Code   RO         4939    i.prvTimerTask      timers.o
    0x08003124   0x08003124   0x0000006a   Code   RO         4169    i.prvUnlockQueue    queue.o
    0x0800318e   0x0800318e   0x00000002   PAD
    0x08003190   0x08003190   0x000000dc   Code   RO         5621    i.pvPortMalloc      heap_4.o
    0x0800326c   0x0800326c   0x0000002c   Code   RO         5676    i.pxPortInitialiseStack  port.o
    0x08003298   0x08003298   0x00000026   Code   RO         4124    i.uxListRemove      list.o
    0x080032be   0x080032be   0x00000002   PAD
    0x080032c0   0x080032c0   0x00000014   Code   RO         5179    i.vApplicationGetIdleTaskMemory  cmsis_os2.o
    0x080032d4   0x080032d4   0x00000018   Code   RO         5180    i.vApplicationGetTimerTaskMemory  cmsis_os2.o
    0x080032ec   0x080032ec   0x00000016   Code   RO         4125    i.vListInitialise   list.o
    0x08003302   0x08003302   0x00000006   Code   RO         4126    i.vListInitialiseItem  list.o
    0x08003308   0x08003308   0x00000030   Code   RO         4127    i.vListInsert       list.o
    0x08003338   0x08003338   0x00000018   Code   RO         4128    i.vListInsertEnd    list.o
    0x08003350   0x08003350   0x00000040   Code   RO         5678    i.vPortEnterCritical  port.o
    0x08003390   0x08003390   0x00000028   Code   RO         5679    i.vPortExitCritical  port.o
    0x080033b8   0x080033b8   0x00000064   Code   RO         5622    i.vPortFree         heap_4.o
    0x0800341c   0x0800341c   0x00000024   Code   RO         5680    i.vPortSetupTimerInterrupt  port.o
    0x08003440   0x08003440   0x00000054   Code   RO         5681    i.vPortValidateInterruptPriority  port.o
    0x08003494   0x08003494   0x00000028   Code   RO         4175    i.vQueueAddToRegistry  queue.o
    0x080034bc   0x080034bc   0x00000044   Code   RO         4179    i.vQueueWaitForMessageRestricted  queue.o
    0x08003500   0x08003500   0x0000004c   Code   RO         4586    i.vTaskDelay        tasks.o
    0x0800354c   0x0800354c   0x00000010   Code   RO         4591    i.vTaskInternalSetTimeOutState  tasks.o
    0x0800355c   0x0800355c   0x0000000c   Code   RO         4592    i.vTaskMissedYield  tasks.o
    0x08003568   0x08003568   0x00000030   Code   RO         4594    i.vTaskPlaceOnEventList  tasks.o
    0x08003598   0x08003598   0x00000038   Code   RO         4595    i.vTaskPlaceOnEventListRestricted  tasks.o
    0x080035d0   0x080035d0   0x00000088   Code   RO         4603    i.vTaskStartScheduler  tasks.o
    0x08003658   0x08003658   0x00000010   Code   RO         4605    i.vTaskSuspendAll   tasks.o
    0x08003668   0x08003668   0x00000064   Code   RO         4606    i.vTaskSwitchContext  tasks.o
    0x080036cc   0x080036cc   0x000000f4   Code   RO         5682    i.xPortStartScheduler  port.o
    0x080037c0   0x080037c0   0x0000002c   Code   RO         5683    i.xPortSysTickHandler  port.o
    0x080037ec   0x080037ec   0x00000066   Code   RO         4185    i.xQueueGenericCreateStatic  queue.o
    0x08003852   0x08003852   0x00000002   PAD
    0x08003854   0x08003854   0x00000088   Code   RO         4186    i.xQueueGenericReset  queue.o
    0x080038dc   0x080038dc   0x00000160   Code   RO         4187    i.xQueueGenericSend  queue.o
    0x08003a3c   0x08003a3c   0x000000be   Code   RO         4188    i.xQueueGenericSendFromISR  queue.o
    0x08003afa   0x08003afa   0x00000002   PAD
    0x08003afc   0x08003afc   0x00000138   Code   RO         4197    i.xQueueReceive     queue.o
    0x08003c34   0x08003c34   0x00000074   Code   RO         4608    i.xTaskCheckForTimeOut  tasks.o
    0x08003ca8   0x08003ca8   0x0000005a   Code   RO         4609    i.xTaskCreate       tasks.o
    0x08003d02   0x08003d02   0x00000056   Code   RO         4610    i.xTaskCreateStatic  tasks.o
    0x08003d58   0x08003d58   0x0000001c   Code   RO         4614    i.xTaskGetSchedulerState  tasks.o
    0x08003d74   0x08003d74   0x0000000c   Code   RO         4615    i.xTaskGetTickCount  tasks.o
    0x08003d80   0x08003d80   0x000000c8   Code   RO         4617    i.xTaskIncrementTick  tasks.o
    0x08003e48   0x08003e48   0x00000080   Code   RO         4620    i.xTaskPriorityDisinherit  tasks.o
    0x08003ec8   0x08003ec8   0x00000070   Code   RO         4622    i.xTaskRemoveFromEventList  tasks.o
    0x08003f38   0x08003f38   0x000000c4   Code   RO         4623    i.xTaskResumeAll    tasks.o
    0x08003ffc   0x08003ffc   0x00000060   Code   RO         4948    i.xTimerCreateTimerTask  timers.o
    0x0800405c   0x0800405c   0x00000068   Code   RO         4949    i.xTimerGenericCommand  timers.o
    0x080040c4   0x080040c4   0x0000000a   Code   RO         5919    x$fpl$fpinit        fz_wm.l(fpinit.o)
    0x080040ce   0x080040ce   0x00000002   PAD
    0x080040d0   0x080040d0   0x00000024   Data   RO          245    .constdata          freertos.o
    0x080040f4   0x080040f4   0x00000010   Data   RO         3960    .constdata          system_stm32f4xx.o
    0x08004104   0x08004104   0x00000008   Data   RO         3961    .constdata          system_stm32f4xx.o
    0x0800410c   0x0800410c   0x0000000c   Data   RO          246    .conststring        freertos.o
    0x08004118   0x08004118   0x00000020   Data   RO         5977    Region$$Table       anon$$obj.o


    Execution Region RW_IRAM1 (Exec base: 0x20000000, Load base: 0x08004138, Size: 0x00005240, Max: 0x00020000, ABSOLUTE)

    Exec Addr    Load Addr    Size         Type   Attr      Idx    E Section Name        Object

    0x20000000   0x08004138   0x00000004   Data   RW          247    .data               freertos.o
    0x20000004   0x0800413c   0x0000000c   Data   RW         2575    .data               stm32f4xx_hal.o
    0x20000010   0x08004148   0x00000004   Data   RW         3962    .data               system_stm32f4xx.o
    0x20000014   0x0800414c   0x0000003c   Data   RW         4626    .data               tasks.o
    0x20000050   0x08004188   0x00000014   Data   RW         4957    .data               timers.o
    0x20000064   0x0800419c   0x00000004   Data   RW         5182    .data               cmsis_os2.o
    0x20000068   0x080041a0   0x00000020   Data   RW         5628    .data               heap_4.o
    0x20000088   0x080041c0   0x0000000c   Data   RW         5684    .data               port.o
    0x20000094        -       0x000000a8   Zero   RW          290    .bss                i2c.o
    0x2000013c        -       0x000000b0   Zero   RW          338    .bss                spi.o
    0x200001ec        -       0x00000048   Zero   RW          386    .bss                tim.o
    0x20000234        -       0x00000090   Zero   RW          434    .bss                usart.o
    0x200002c4        -       0x00000048   Zero   RW          569    .bss                stm32f4xx_hal_timebase_tim.o
    0x2000030c        -       0x00000040   Zero   RW         4201    .bss                queue.o
    0x2000034c        -       0x000004c4   Zero   RW         4625    .bss                tasks.o
    0x20000810        -       0x00000118   Zero   RW         4956    .bss                timers.o
    0x20000928        -       0x000006b8   Zero   RW         5181    .bss                cmsis_os2.o
    0x20000fe0        -       0x00003c00   Zero   RW         5627    .bss                heap_4.o
    0x20004be0        -       0x00000060   Zero   RW         5849    .bss                c_w.l(libspace.o)
    0x20004c40        -       0x00000200   Zero   RW            2    HEAP                startup_stm32f411xe.o
    0x20004e40        -       0x00000400   Zero   RW            1    STACK               startup_stm32f411xe.o


==============================================================================

Image component sizes


      Code (inc. data)   RO Data    RW Data    ZI Data      Debug   Object Name

       326         22          0          4       1720      65027   cmsis_os2.o
         0          0          0          0          0      19436   event_groups.o
        40         14         48          4          0       1665   freertos.o
       260         16          0          0          0        987   gpio.o
       472         24          0         32      15360       4819   heap_4.o
       328         46          0          0        168       2338   i2c.o
       588         76          0          0          0       2709   lcd_st7789.o
       138          0          0          0          0       3494   list.o
       404         70          0          0          0     447984   main.o
       786         82          0         12          0      11393   port.o
      1514         20          0          0         64      17292   queue.o
       320         42          0          0        176       2350   spi.o
        64         26        408          0       1536        836   startup_stm32f411xe.o
       116         18          0         12          0       8514   stm32f4xx_hal.o
       158         14          0          0          0      32986   stm32f4xx_hal_cortex.o
       490         34          0          0          0       2144   stm32f4xx_hal_gpio.o
       392         16          0          0          0       3207   stm32f4xx_hal_i2c.o
        56          4          0          0          0        850   stm32f4xx_hal_msp.o
      1412         86          0          0          0       5853   stm32f4xx_hal_rcc.o
       842         16          0          0          0       4534   stm32f4xx_hal_spi.o
      1818         90          0          0          0      16646   stm32f4xx_hal_tim.o
       128         20          0          0          0       2449   stm32f4xx_hal_tim_ex.o
       152         20          0          0         72       1451   stm32f4xx_hal_timebase_tim.o
       720         10          0          0          0       4792   stm32f4xx_hal_uart.o
        24          6          0          0          0       3183   stm32f4xx_it.o
         0          0          0          0          0        408   stream_buffer.o
        16          4         24          4          0       1103   system_stm32f4xx.o
      2084        168          0         60       1220      26676   tasks.o
       264         18          0          0         72       2324   tim.o
       972         80          0         20        280      31995   timers.o
       268         34          0          0        144       2367   usart.o

    ----------------------------------------------------------------------
     15190       1076        512        148      20812     731812   Object Totals
         0          0         32          0          0          0   (incl. Generated)
        38          0          0          0          0          0   (incl. Padding)

    ----------------------------------------------------------------------

      Code (inc. data)   RO Data    RW Data    ZI Data      Debug   Library Member Name

         8          0          0          0          0         68   __main.o
         0          0          0          0          0          0   __rtentry.o
        12          0          0          0          0          0   __rtentry2.o
         6          0          0          0          0          0   __rtentry4.o
        52          8          0          0          0          0   __scatter.o
        26          0          0          0          0          0   __scatter_copy.o
        28          0          0          0          0          0   __scatter_zi.o
        16          0          0          0          0         68   aeabi_memset.o
        18          0          0          0          0         80   exit.o
         6          0          0          0          0        152   heapauxi.o
         0          0          0          0          0          0   indicate_semi.o
         2          0          0          0          0          0   libinit.o
         6          0          0          0          0          0   libinit2.o
         2          0          0          0          0          0   libshutdown.o
         2          0          0          0          0          0   libshutdown2.o
         8          4          0          0         96         68   libspace.o
       238          0          0          0          0        100   lludivv7m.o
        68          0          0          0          0         68   rt_memclr.o
        78          0          0          0          0         80   rt_memclr_w.o
       138          0          0          0          0         68   rt_memcpy_v6.o
       100          0          0          0          0         80   rt_memcpy_w.o
         2          0          0          0          0          0   rtexit.o
        10          0          0          0          0          0   rtexit2.o
        62          0          0          0          0         76   strlen.o
        12          4          0          0          0         68   sys_exit.o
        74          0          0          0          0         80   sys_stackheap_outer.o
         2          0          0          0          0         68   use_no_semi.o
        10          0          0          0          0        116   fpinit.o

    ----------------------------------------------------------------------
       994         16          0          0         96       1240   Library Totals
         8          0          0          0          0          0   (incl. Padding)

    ----------------------------------------------------------------------

      Code (inc. data)   RO Data    RW Data    ZI Data      Debug   Library Name

       976         16          0          0         96       1124   c_w.l
        10          0          0          0          0        116   fz_wm.l

    ----------------------------------------------------------------------
       994         16          0          0         96       1240   Library Totals

    ----------------------------------------------------------------------

==============================================================================


      Code (inc. data)   RO Data    RW Data    ZI Data      Debug   

     16184       1092        512        148      20908     718132   Grand Totals
     16184       1092        512        148      20908     718132   ELF Image Totals
     16184       1092        512        148          0          0   ROM Totals

==============================================================================

    Total RO  Size (Code + RO Data)                16696 (  16.30kB)
    Total RW  Size (RW Data + ZI Data)             21056 (  20.56kB)
    Total ROM Size (Code + RO Data + RW Data)      16844 (  16.45kB)

==============================================================================

